[    0.000000] ACPI: LAPIC (acpi_id[0x38] lapic_id[0x38] disabled)
[    0.000000] ACPI: LAPIC (acpi_id[0x39] lapic_id[0x39] disabled)
[    0.000000] ACPI: LAPIC (acpi_id[0x3a] lapic_id[0x3a] disabled)
[    0.000000] ACPI: LAPIC (acpi_id[0x3b] lapic_id[0x3b] disabled)
[    0.000000] ACPI: LAPIC (acpi_id[0x3c] lapic_id[0x3c] disabled)
[    0.000000] ACPI: LAPIC (acpi_id[0x3d] lapic_id[0x3d] disabled)
[    0.000000] ACPI: LAPIC (acpi_id[0x3e] lapic_id[0x3e] disabled)
[    0.000000] ACPI: LAPIC (acpi_id[0x3f] lapic_id[0x3f] disabled)
[    0.000000] ACPI: LAPIC_NMI (acpi_id[0x00] high edge lint[0x1])
[    0.000000] ACPI: LAPIC_NMI (acpi_id[0x01] high edge lint[0x1])
[    0.000000] ACPI: LAPIC_NMI (acpi_id[0x02] high edge lint[0x1])
[    0.000000] ACPI: LAPIC_NMI (acpi_id[0x03] high edge lint[0x1])
[    0.000000] ACPI: LAPIC_NMI (acpi_id[0x04] high edge lint[0x1])
[    0.000000] ACPI: LAPIC_NMI (acpi_id[0x05] high edge lint[0x1])
[    0.000000] ACPI: LAPIC_NMI (acpi_id[0x06] high edge lint[0x1])
[    0.000000] ACPI: LAPIC_NMI (acpi_id[0x07] high edge lint[0x1])
[    0.000000] ACPI: LAPIC_NMI (acpi_id[0x08] high edge lint[0x1])
[    0.000000] ACPI: LAPIC_NMI (acpi_id[0x09] high edge lint[0x1])
[    0.000000] ACPI: LAPIC_NMI (acpi_id[0x0a] high edge lint[0x1])
[    0.000000] ACPI: LAPIC_NMI (acpi_id[0x0b] high edge lint[0x1])
[    0.000000] ACPI: LAPIC_NMI (acpi_id[0x0c] high edge lint[0x1])
[    0.000000] ACPI: LAPIC_NMI (acpi_id[0x0d] high edge lint[0x1])
[    0.000000] ACPI: LAPIC_NMI (acpi_id[0x0e] high edge lint[0x1])
[    0.000000] ACPI: LAPIC_NMI (acpi_id[0x0f] high edge lint[0x1])
[    0.000000] ACPI: LAPIC_NMI (acpi_id[0x10] high edge lint[0x1])
[    0.000000] ACPI: LAPIC_NMI (acpi_id[0x11] high edge lint[0x1])
[    0.000000] ACPI: LAPIC_NMI (acpi_id[0x12] high edge lint[0x1])
[    0.000000] ACPI: LAPIC_NMI (acpi_id[0x13] high edge lint[0x1])
[    0.000000] ACPI: LAPIC_NMI (acpi_id[0x14] high edge lint[0x1])
[    0.000000] ACPI: LAPIC_NMI (acpi_id[0x15] high edge lint[0x1])
[    0.000000] ACPI: LAPIC_NMI (acpi_id[0x16] high edge lint[0x1])
[    0.000000] ACPI: LAPIC_NMI (acpi_id[0x17] high edge lint[0x1])
[    0.000000] ACPI: LAPIC_NMI (acpi_id[0x18] high edge lint[0x1])
[    0.000000] ACPI: LAPIC_NMI (acpi_id[0x19] high edge lint[0x1])
[    0.000000] ACPI: LAPIC_NMI (acpi_id[0x1a] high edge lint[0x1])
[    0.000000] ACPI: LAPIC_NMI (acpi_id[0x1b] high edge lint[0x1])
[    0.000000] ACPI: LAPIC_NMI (acpi_id[0x1c] high edge lint[0x1])
[    0.000000] ACPI: LAPIC_NMI (acpi_id[0x1d] high edge lint[0x1])
[    0.000000] ACPI: LAPIC_NMI (acpi_id[0x1e] high edge lint[0x1])
[    0.000000] ACPI: LAPIC_NMI (acpi_id[0x1f] high edge lint[0x1])
[    0.000000] ACPI: LAPIC_NMI (acpi_id[0x20] high edge lint[0x1])
[    0.000000] ACPI: LAPIC_NMI (acpi_id[0x21] high edge lint[0x1])
[    0.000000] ACPI: LAPIC_NMI (acpi_id[0x22] high edge lint[0x1])
[    0.000000] ACPI: LAPIC_NMI (acpi_id[0x23] high edge lint[0x1])
[    0.000000] ACPI: LAPIC_NMI (acpi_id[0x24] high edge lint[0x1])
[    0.000000] ACPI: LAPIC_NMI (acpi_id[0x25] high edge lint[0x1])
[    0.000000] ACPI: LAPIC_NMI (acpi_id[0x26] high edge lint[0x1])
[    0.000000] ACPI: LAPIC_NMI (acpi_id[0x27] high edge lint[0x1])
[    0.000000] ACPI: LAPIC_NMI (acpi_id[0x28] high edge lint[0x1])
[    0.000000] ACPI: LAPIC_NMI (acpi_id[0x29] high edge lint[0x1])
[    0.000000] ACPI: LAPIC_NMI (acpi_id[0x2a] high edge lint[0x1])
[    0.000000] ACPI: LAPIC_NMI (acpi_id[0x2b] high edge lint[0x1])
[    0.000000] ACPI: LAPIC_NMI (acpi_id[0x2c] high edge lint[0x1])
[    0.000000] ACPI: LAPIC_NMI (acpi_id[0x2d] high edge lint[0x1])
[    0.000000] ACPI: LAPIC_NMI (acpi_id[0x2e] high edge lint[0x1])
[    0.000000] ACPI: LAPIC_NMI (acpi_id[0x2f] high edge lint[0x1])
[    0.000000] ACPI: LAPIC_NMI (acpi_id[0x30] high edge lint[0x1])
[    0.000000] ACPI: LAPIC_NMI (acpi_id[0x31] high edge lint[0x1])
[    0.000000] ACPI: LAPIC_NMI (acpi_id[0x32] high edge lint[0x1])
[    0.000000] ACPI: LAPIC_NMI (acpi_id[0x33] high edge lint[0x1])
[    0.000000] ACPI: LAPIC_NMI (acpi_id[0x34] high edge lint[0x1])
[    0.000000] ACPI: LAPIC_NMI (acpi_id[0x35] high edge lint[0x1])
[    0.000000] ACPI: LAPIC_NMI (acpi_id[0x36] high edge lint[0x1])
[    0.000000] ACPI: LAPIC_NMI (acpi_id[0x37] high edge lint[0x1])
[    0.000000] ACPI: LAPIC_NMI (acpi_id[0x38] high edge lint[0x1])
[    0.000000] ACPI: LAPIC_NMI (acpi_id[0x39] high edge lint[0x1])
[    0.000000] ACPI: LAPIC_NMI (acpi_id[0x3a] high edge lint[0x1])
[    0.000000] ACPI: LAPIC_NMI (acpi_id[0x3b] high edge lint[0x1])
[    0.000000] ACPI: LAPIC_NMI (acpi_id[0x3c] high edge lint[0x1])
[    0.000000] ACPI: LAPIC_NMI (acpi_id[0x3d] high edge lint[0x1])
[    0.000000] ACPI: LAPIC_NMI (acpi_id[0x3e] high edge lint[0x1])
[    0.000000] ACPI: LAPIC_NMI (acpi_id[0x3f] high edge lint[0x1])
[    0.000000] ACPI: IOAPIC (id[0x40] address[0xfec00000] gsi_base[0])
[    0.000000] IOAPIC[0]: apic_id 64, version 17, address 0xfec00000, GSI 0-23
[    0.000000] ACPI: INT_SRC_OVR (bus 0 bus_irq 0 global_irq 2 high edge)
[    0.000000] ACPI: IRQ0 used by override.
[    0.000000] ACPI: IRQ2 used by override.
[    0.000000] ACPI: IRQ9 used by override.
[    0.000000] Using ACPI (MADT) for SMP configuration information
[    0.000000] ACPI: HPET id: 0x8086af01 base: 0xfed00000
[    0.000000] smpboot: 64 Processors exceeds NR_CPUS limit of 8
[    0.000000] smpboot: Allowing 8 CPUs, 4 hotplug CPUs
[    0.000000] nr_irqs_gsi: 40
[    0.000000] PM: Registered nosave memory: [mem 0x0009f000-0x0009ffff]
[    0.000000] PM: Registered nosave memory: [mem 0x000a0000-0x000c9fff]
[    0.000000] PM: Registered nosave memory: [mem 0x000ca000-0x000cbfff]
[    0.000000] PM: Registered nosave memory: [mem 0x000cc000-0x000dbfff]
[    0.000000] PM: Registered nosave memory: [mem 0x000dc000-0x000fffff]
[    0.000000] e820: [mem 0x60000000-0xefffffff] available for PCI devices
[    0.000000] Booting paravirtualized kernel on bare hardware
[    0.000000] setup_percpu: NR_CPUS:8 nr_cpumask_bits:8 nr_cpu_ids:8 nr_node_ids:1
[    0.000000] PERCPU: Embedded 14 pages/cpu @f5f30000 s36288 r0 d21056 u57344
[    0.000000] pcpu-alloc: s36288 r0 d21056 u57344 alloc=14*4096
[    0.000000] pcpu-alloc: [0] 0 [0] 1 [0] 2 [0] 3 [0] 4 [0] 5 [0] 6 [0] 7 
[    0.000000] Built 1 zonelists in Zone order, mobility grouping on.  Total pages: 391302
[    0.000000] Kernel command line: BOOT_IMAGE=/boot/vmlinuz-3.11.0-14-generic root=UUID=c25eded1-5383-42d8-a221-4c38cc4b5ce6 ro find_preseed=/preseed.cfg auto noprompt priority=critical locale=en_US quiet
[    0.000000] PID hash table entries: 4096 (order: 2, 16384 bytes)
[    0.000000] Dentry cache hash table entries: 131072 (order: 7, 524288 bytes)
[    0.000000] Inode-cache hash table entries: 65536 (order: 6, 262144 bytes)
[    0.000000] Initializing CPU#0
[    0.000000] xsave: enabled xstate_bv 0x7, cntxt size 0x340
[    0.000000] allocated 3145720 bytes of page_cgroup
[    0.000000] please try 'cgroup_disable=memory' option if you don't want memory cgroups
[    0.000000] Initializing HighMem for node 0 (00037bfe:00060000)
[    0.000000] Memory: 1527580K/1572344K available (6353K kernel code, 607K rwdata, 2640K rodata, 880K init, 908K bss, 44764K reserved, 659336K highmem)
[    0.000000] virtual kernel memory layout:
[    0.000000]     fixmap  : 0xfff14000 - 0xfffff000   ( 940 kB)
[    0.000000]     pkmap   : 0xffc00000 - 0xffe00000   (2048 kB)
[    0.000000]     vmalloc : 0xf83fe000 - 0xffbfe000   ( 120 MB)
[    0.000000]     lowmem  : 0xc0000000 - 0xf7bfe000   ( 891 MB)
[    0.000000]       .init : 0xc1962000 - 0xc1a3e000   ( 880 kB)
[    0.000000]       .data : 0xc1634864 - 0xc1961dc0   (3253 kB)
[    0.000000]       .text : 0xc1000000 - 0xc1634864   (6354 kB)
[    0.000000] Checking if this processor honours the WP bit even in supervisor mode...Ok.
[    0.000000] SLUB: HWalign=64, Order=0-3, MinObjects=0, CPUs=8, Nodes=1
[    0.000000] Hierarchical RCU implementation.
[    0.000000] 	RCU dyntick-idle grace-period acceleration is enabled.
[    0.000000] NR_IRQS:2304 nr_irqs:744 16
[    0.000000] CPU 0 irqstacks, hard=f540a000 soft=f540c000
[    0.000000] Console: colour VGA+ 80x25
[    0.000000] console [tty0] enabled
[    0.000000] hpet clockevent registered
[    0.000000] TSC freq read from hypervisor : 2095.310 MHz
[    0.000000] tsc: Detected 2095.310 MHz processor
[    0.000001] Calibrating delay loop (skipped) preset value.. 4190.62 BogoMIPS (lpj=8381240)
[    0.000004] pid_max: default: 32768 minimum: 301
[    0.000031] Security Framework initialized
[    0.000057] AppArmor: AppArmor initialized
[    0.000058] Yama: becoming mindful.
[    0.000090] Mount-cache hash table entries: 512
[    0.000261] Initializing cgroup subsys memory
[    0.000267] Initializing cgroup subsys devices
[    0.000268] Initializing cgroup subsys freezer
[    0.000270] Initializing cgroup subsys blkio
[    0.000271] Initializing cgroup subsys perf_event
[    0.000273] Initializing cgroup subsys hugetlb
[    0.000334] Disabled fast string operations
[    0.000338] CPU: Physical Processor ID: 0
[    0.000339] CPU: Processor Core ID: 0
[    0.000348] ENERGY_PERF_BIAS: Set to 'normal', was 'performance'
[    0.000348] ENERGY_PERF_BIAS: View and update with x86_energy_perf_policy(8)
[    0.000968] mce: CPU supports 0 MCE banks
[    0.000985] Last level iTLB entries: 4KB 512, 2MB 0, 4MB 0
[    0.000985] Last level dTLB entries: 4KB 512, 2MB 32, 4MB 32
[    0.000985] tlb_flushall_shift: 1
[    0.001887] Freeing SMP alternatives memory: 28K (c1a3e000 - c1a45000)
[    0.007321] ACPI: Core revision 20130517
[    0.014610] ACPI: All ACPI Tables successfully acquired
[    0.016746] ftrace: allocating 27143 entries in 54 pages
[    0.042472] Enabling APIC mode:  Flat.  Using 1 I/O APICs
[    0.042833] ..TIMER: vector=0x30 apic1=0 pin1=2 apic2=-1 pin2=-1
[    0.082546] smpboot: CPU0: Intel(R) Core(TM) i7-3612QM CPU @ 2.10GHz (fam: 06, model: 3a, stepping: 09)
[    0.189248] Performance Events: 16-deep LBR, IvyBridge events, core PMU driver.
[    0.189262] perf_event_intel: CPUID marked event: 'cpu cycles' unavailable
[    0.189264] perf_event_intel: CPUID marked event: 'instructions' unavailable
[    0.189265] perf_event_intel: CPUID marked event: 'bus cycles' unavailable
[    0.189266] perf_event_intel: CPUID marked event: 'cache references' unavailable
[    0.189267] perf_event_intel: CPUID marked event: 'cache misses' unavailable
[    0.189268] perf_event_intel: CPUID marked event: 'branch instructions' unavailable
[    0.189269] perf_event_intel: CPUID marked event: 'branch misses' unavailable
[    0.189273] ... version:                1
[    0.189273] ... bit width:              48
[    0.189274] ... generic registers:      4
[    0.189275] ... value mask:             0000ffffffffffff
[    0.189276] ... max period:             000000007fffffff
[    0.189277] ... fixed-purpose events:   0
[    0.189278] ... event mask:             000000000000000f
[    0.190533] NMI watchdog: disabled (cpu0): hardware events not enabled
[    0.190624] CPU 1 irqstacks, hard=f556a000 soft=f556c000
[    0.200799] Initializing CPU#1
[    0.201988] Disabled fast string operations
[    0.202640] mce: CPU supports 0 MCE banks
[    0.190626] smpboot: Booting Node   0, Processors  #1
[    0.202867] CPU 2 irqstacks, hard=f558c000 soft=f558e000
[    0.213013] Initializing CPU#2
[    0.213927] Disabled fast string operations
[    0.214610] mce: CPU supports 0 MCE banks
[    0.202871]  #2
[    0.214785] CPU 3 irqstacks, hard=f55aa000 soft=f55ac000
[    0.224911] Initializing CPU#3
[    0.225835] Disabled fast string operations
[    0.226485] mce: CPU supports 0 MCE banks
[    0.214789]  #3
[    0.226594] Brought up 4 CPUs
[    0.226599] smpboot: Total of 4 processors activated (16762.48 BogoMIPS)
[    0.226768] x86 PAT enabled: cpu 3, old 0x0, new 0x7010600070106
[    0.226823] x86 PAT enabled: cpu 1, old 0x0, new 0x7010600070106
[    0.226861] x86 PAT enabled: cpu 0, old 0x0, new 0x7010600070106
[    0.226911] x86 PAT enabled: cpu 2, old 0x0, new 0x7010600070106
[    0.229517] devtmpfs: initialized
[    0.229704] EVM: security.selinux
[    0.229705] EVM: security.SMACK64
[    0.229706] EVM: security.capability
[    0.229927] PM: Registering ACPI NVS region [mem 0x5feff000-0x5fefffff] (4096 bytes)
[    0.230734] regulator-dummy: no parameters
[    0.230804] RTC time: 17:29:17, date: 12/07/13
[    0.230848] NET: Registered protocol family 16
[    0.230979] EISA bus registered
[    0.231058] ACPI: bus type PCI registered
[    0.231060] acpiphp: ACPI Hot Plug PCI Controller Driver version: 0.5
[    0.231237] PCI: MMCONFIG for domain 0000 [bus 00-7f] at [mem 0xf0000000-0xf7ffffff] (base 0xf0000000)
[    0.231239] PCI: MMCONFIG at [mem 0xf0000000-0xf7ffffff] reserved in E820
[    0.231240] PCI: Using MMCONFIG for extended config space
[    0.231241] PCI: Using configuration type 1 for base access
[    0.231379] mtrr: your CPUs had inconsistent variable MTRR settings
[    0.231380] mtrr: probably your BIOS does not setup all CPUs.
[    0.231381] mtrr: corrected configuration.
[    0.232219] bio: create slab <bio-0> at 0
[    0.232736] ACPI: Added _OSI(Module Device)
[    0.232738] ACPI: Added _OSI(Processor Device)
[    0.232739] ACPI: Added _OSI(3.0 _SCP Extensions)
[    0.232741] ACPI: Added _OSI(Processor Aggregator Device)
[    0.236044] ACPI: EC: Look up EC in DSDT
[    0.242007] [Firmware Bug]: ACPI: BIOS _OSI(Linux) query ignored
[    1.054639] ACPI: Interpreter enabled
[    1.054672] ACPI Exception: AE_NOT_FOUND, While evaluating Sleep State [\_S2_] (20130517/hwxface-571)
[    1.054680] ACPI Exception: AE_NOT_FOUND, While evaluating Sleep State [\_S3_] (20130517/hwxface-571)
[    1.054724] ACPI: (supports S0 S1 S4 S5)
[    1.054727] ACPI: Using IOAPIC for interrupt routing
[    1.054785] PCI: Using host bridge windows from ACPI; if necessary, use "pci=nocrs" and report a bug
[    1.098137] ACPI: No dock devices found.
[    1.976518] ACPI: PCI Root Bridge [PCI0] (domain 0000 [bus 00-7f])
[    1.976912] acpi PNP0A03:00: Requesting ACPI _OSC control (0x1d)
[    1.977527] acpi PNP0A03:00: ACPI _OSC control (0x15) granted
[    1.980716] PCI host bridge to bus 0000:00
[    1.980723] pci_bus 0000:00: root bus resource [bus 00-7f]
[    1.980728] pci_bus 0000:00: root bus resource [mem 0x000a0000-0x000bffff]
[    1.980732] pci_bus 0000:00: root bus resource [mem 0x000cc000-0x000cffff]
[    1.980735] pci_bus 0000:00: root bus resource [mem 0x000d0000-0x000d3fff]
[    1.980738] pci_bus 0000:00: root bus resource [mem 0x000d4000-0x000d7fff]
[    1.980741] pci_bus 0000:00: root bus resource [mem 0x000d8000-0x000dbfff]
[    1.980745] pci_bus 0000:00: root bus resource [mem 0xc0000000-0xfebfffff]
[    1.980749] pci_bus 0000:00: root bus resource [io  0x0000-0x0cf7]
[    1.980752] pci_bus 0000:00: root bus resource [io  0x0d00-0xfeff]
[    1.980881] pci 0000:00:00.0: [8086:7190] type 00 class 0x060000
[    1.982250] pci 0000:00:01.0: [8086:7191] type 01 class 0x060400
[    1.983374] pci 0000:00:07.0: [8086:7110] type 00 class 0x060100
[    1.984960] pci 0000:00:07.1: [8086:7111] type 00 class 0x01018a
[    1.989780] pci 0000:00:07.1: reg 0x20: [io  0x1060-0x106f]
[    1.992226] pci 0000:00:07.3: [8086:7113] type 00 class 0x068000
[    1.997303] pci 0000:00:07.3: quirk: [io  0x1000-0x103f] claimed by PIIX4 ACPI
[    1.997333] pci 0000:00:07.3: quirk: [io  0x1040-0x104f] claimed by PIIX4 SMB
[    1.998103] pci 0000:00:07.7: [15ad:0740] type 00 class 0x088000
[    1.999949] pci 0000:00:07.7: reg 0x10: [io  0x1080-0x10bf]
[    2.001563] pci 0000:00:07.7: reg 0x14: [mem 0xfebfe000-0xfebfffff 64bit]
[    2.009021] pci 0000:00:0f.0: [15ad:0405] type 00 class 0x030000
[    2.061245] pci 0000:00:0f.0: reg 0x10: [io  0x1070-0x107f]
[    2.098371] pci 0000:00:0f.0: reg 0x14: [mem 0xe8000000-0xefffffff pref]
[    2.120719] pci 0000:00:0f.0: reg 0x18: [mem 0xfe000000-0xfe7fffff]
[    2.210691] pci 0000:00:0f.0: reg 0x30: [mem 0x00000000-0x00007fff pref]
[    2.211105] pci 0000:00:10.0: [1000:0030] type 00 class 0x010000
[    2.211983] pci 0000:00:10.0: reg 0x10: [io  0x1400-0x14ff]
[    2.212846] pci 0000:00:10.0: reg 0x14: [mem 0xfeba0000-0xfebbffff 64bit]
[    2.213730] pci 0000:00:10.0: reg 0x1c: [mem 0xfebc0000-0xfebdffff 64bit]
[    2.215673] pci 0000:00:10.0: reg 0x30: [mem 0x00000000-0x00003fff pref]
[    2.215923] pci 0000:00:11.0: [15ad:0790] type 01 class 0x060401
[    2.216501] pci 0000:00:11.0: System wakeup disabled by ACPI
[    2.216680] pci 0000:00:15.0: [15ad:07a0] type 01 class 0x060400
[    2.217382] pci 0000:00:15.0: PME# supported from D0 D3hot D3cold
[    2.217617] pci 0000:00:15.0: System wakeup disabled by ACPI
[    2.217760] pci 0000:00:15.1: [15ad:07a0] type 01 class 0x060400
[    2.218486] pci 0000:00:15.1: PME# supported from D0 D3hot D3cold
[    2.218692] pci 0000:00:15.1: System wakeup disabled by ACPI
[    2.218828] pci 0000:00:15.2: [15ad:07a0] type 01 class 0x060400
[    2.219484] pci 0000:00:15.2: PME# supported from D0 D3hot D3cold
[    2.219682] pci 0000:00:15.2: System wakeup disabled by ACPI
[    2.219830] pci 0000:00:15.3: [15ad:07a0] type 01 class 0x060400
[    2.220491] pci 0000:00:15.3: PME# supported from D0 D3hot D3cold
[    2.220689] pci 0000:00:15.3: System wakeup disabled by ACPI
[    2.220824] pci 0000:00:15.4: [15ad:07a0] type 01 class 0x060400
[    2.221486] pci 0000:00:15.4: PME# supported from D0 D3hot D3cold
[    2.221685] pci 0000:00:15.4: System wakeup disabled by ACPI
[    2.221815] pci 0000:00:15.5: [15ad:07a0] type 01 class 0x060400
[    2.222468] pci 0000:00:15.5: PME# supported from D0 D3hot D3cold
[    2.222665] pci 0000:00:15.5: System wakeup disabled by ACPI
[    2.222799] pci 0000:00:15.6: [15ad:07a0] type 01 class 0x060400
[    2.223463] pci 0000:00:15.6: PME# supported from D0 D3hot D3cold
[    2.223660] pci 0000:00:15.6: System wakeup disabled by ACPI
[    2.223794] pci 0000:00:15.7: [15ad:07a0] type 01 class 0x060400
[    2.224450] pci 0000:00:15.7: PME# supported from D0 D3hot D3cold
[    2.224647] pci 0000:00:15.7: System wakeup disabled by ACPI
[    2.224776] pci 0000:00:16.0: [15ad:07a0] type 01 class 0x060400
[    2.225438] pci 0000:00:16.0: PME# supported from D0 D3hot D3cold
[    2.225636] pci 0000:00:16.0: System wakeup disabled by ACPI
[    2.225770] pci 0000:00:16.1: [15ad:07a0] type 01 class 0x060400
[    2.226430] pci 0000:00:16.1: PME# supported from D0 D3hot D3cold
[    2.226638] pci 0000:00:16.1: System wakeup disabled by ACPI
[    2.226772] pci 0000:00:16.2: [15ad:07a0] type 01 class 0x060400
[    2.227426] pci 0000:00:16.2: PME# supported from D0 D3hot D3cold
[    2.227624] pci 0000:00:16.2: System wakeup disabled by ACPI
[    2.227757] pci 0000:00:16.3: [15ad:07a0] type 01 class 0x060400
[    2.228414] pci 0000:00:16.3: PME# supported from D0 D3hot D3cold
[    2.228612] pci 0000:00:16.3: System wakeup disabled by ACPI
[    2.228745] pci 0000:00:16.4: [15ad:07a0] type 01 class 0x060400
[    2.229409] pci 0000:00:16.4: PME# supported from D0 D3hot D3cold
[    2.229606] pci 0000:00:16.4: System wakeup disabled by ACPI
[    2.229739] pci 0000:00:16.5: [15ad:07a0] type 01 class 0x060400
[    2.230398] pci 0000:00:16.5: PME# supported from D0 D3hot D3cold
[    2.230596] pci 0000:00:16.5: System wakeup disabled by ACPI
[    2.230725] pci 0000:00:16.6: [15ad:07a0] type 01 class 0x060400
[    2.231379] pci 0000:00:16.6: PME# supported from D0 D3hot D3cold
[    2.231576] pci 0000:00:16.6: System wakeup disabled by ACPI
[    2.231716] pci 0000:00:16.7: [15ad:07a0] type 01 class 0x060400
[    2.232370] pci 0000:00:16.7: PME# supported from D0 D3hot D3cold
[    2.232567] pci 0000:00:16.7: System wakeup disabled by ACPI
[    2.232700] pci 0000:00:17.0: [15ad:07a0] type 01 class 0x060400
[    2.233371] pci 0000:00:17.0: PME# supported from D0 D3hot D3cold
[    2.233569] pci 0000:00:17.0: System wakeup disabled by ACPI
[    2.233698] pci 0000:00:17.1: [15ad:07a0] type 01 class 0x060400
[    2.234362] pci 0000:00:17.1: PME# supported from D0 D3hot D3cold
[    2.234560] pci 0000:00:17.1: System wakeup disabled by ACPI
[    2.234693] pci 0000:00:17.2: [15ad:07a0] type 01 class 0x060400
[    2.235348] pci 0000:00:17.2: PME# supported from D0 D3hot D3cold
[    2.235571] pci 0000:00:17.2: System wakeup disabled by ACPI
[    2.235716] pci 0000:00:17.3: [15ad:07a0] type 01 class 0x060400
[    2.236371] pci 0000:00:17.3: PME# supported from D0 D3hot D3cold
[    2.236568] pci 0000:00:17.3: System wakeup disabled by ACPI
[    2.236759] pci 0000:00:17.4: [15ad:07a0] type 01 class 0x060400
[    2.237491] pci 0000:00:17.4: PME# supported from D0 D3hot D3cold
[    2.237695] pci 0000:00:17.4: System wakeup disabled by ACPI
[    2.237838] pci 0000:00:17.5: [15ad:07a0] type 01 class 0x060400
[    2.238497] pci 0000:00:17.5: PME# supported from D0 D3hot D3cold
[    2.238696] pci 0000:00:17.5: System wakeup disabled by ACPI
[    2.238832] pci 0000:00:17.6: [15ad:07a0] type 01 class 0x060400
[    2.239494] pci 0000:00:17.6: PME# supported from D0 D3hot D3cold
[    2.239692] pci 0000:00:17.6: System wakeup disabled by ACPI
[    2.239822] pci 0000:00:17.7: [15ad:07a0] type 01 class 0x060400
[    2.240478] pci 0000:00:17.7: PME# supported from D0 D3hot D3cold
[    2.240675] pci 0000:00:17.7: System wakeup disabled by ACPI
[    2.240808] pci 0000:00:18.0: [15ad:07a0] type 01 class 0x060400
[    2.241469] pci 0000:00:18.0: PME# supported from D0 D3hot D3cold
[    2.241676] pci 0000:00:18.0: System wakeup disabled by ACPI
[    2.241811] pci 0000:00:18.1: [15ad:07a0] type 01 class 0x060400
[    2.242467] pci 0000:00:18.1: PME# supported from D0 D3hot D3cold
[    2.242665] pci 0000:00:18.1: System wakeup disabled by ACPI
[    2.242795] pci 0000:00:18.2: [15ad:07a0] type 01 class 0x060400
[    2.243450] pci 0000:00:18.2: PME# supported from D0 D3hot D3cold
[    2.243648] pci 0000:00:18.2: System wakeup disabled by ACPI
[    2.243781] pci 0000:00:18.3: [15ad:07a0] type 01 class 0x060400
[    2.244445] pci 0000:00:18.3: PME# supported from D0 D3hot D3cold
[    2.244644] pci 0000:00:18.3: System wakeup disabled by ACPI
[    2.244777] pci 0000:00:18.4: [15ad:07a0] type 01 class 0x060400
[    2.245447] pci 0000:00:18.4: PME# supported from D0 D3hot D3cold
[    2.245646] pci 0000:00:18.4: System wakeup disabled by ACPI
[    2.245776] pci 0000:00:18.5: [15ad:07a0] type 01 class 0x060400
[    2.246431] pci 0000:00:18.5: PME# supported from D0 D3hot D3cold
[    2.246629] pci 0000:00:18.5: System wakeup disabled by ACPI
[    2.246772] pci 0000:00:18.6: [15ad:07a0] type 01 class 0x060400
[    2.247427] pci 0000:00:18.6: PME# supported from D0 D3hot D3cold
[    2.247624] pci 0000:00:18.6: System wakeup disabled by ACPI
[    2.247758] pci 0000:00:18.7: [15ad:07a0] type 01 class 0x060400
[    2.248421] pci 0000:00:18.7: PME# supported from D0 D3hot D3cold
[    2.248624] pci 0000:00:18.7: System wakeup disabled by ACPI
[    2.249096] pci 0000:00:01.0: PCI bridge to [bus 01]
[    2.249508] acpiphp: Slot [32] registered
[    2.249533] acpiphp: Slot [33] registered
[    2.249554] acpiphp: Slot [34] registered
[    2.249575] acpiphp: Slot [35] registered
[    2.249596] acpiphp: Slot [36] registered
[    2.249617] acpiphp: Slot [37] registered
[    2.249637] acpiphp: Slot [38] registered
[    2.249658] acpiphp: Slot [39] registered
[    2.249681] acpiphp: Slot [40] registered
[    2.249702] acpiphp: Slot [41] registered
[    2.249723] acpiphp: Slot [42] registered
[    2.249744] acpiphp: Slot [43] registered
[    2.249764] acpiphp: Slot [44] registered
[    2.249785] acpiphp: Slot [45] registered
[    2.249805] acpiphp: Slot [46] registered
[    2.249825] acpiphp: Slot [47] registered
[    2.249846] acpiphp: Slot [48] registered
[    2.249866] acpiphp: Slot [49] registered
[    2.249890] acpiphp: Slot [50] registered
[    2.249911] acpiphp: Slot [51] registered
[    2.249931] acpiphp: Slot [52] registered
[    2.249952] acpiphp: Slot [53] registered
[    2.249972] acpiphp: Slot [54] registered
[    2.249992] acpiphp: Slot [55] registered
[    2.250013] acpiphp: Slot [56] registered
[    2.250033] acpiphp: Slot [57] registered
[    2.250053] acpiphp: Slot [58] registered
[    2.250077] acpiphp: Slot [59] registered
[    2.250098] acpiphp: Slot [60] registered
[    2.250119] acpiphp: Slot [61] registered
[    2.250139] acpiphp: Slot [62] registered
[    2.250160] acpiphp: Slot [63] registered
[    2.250213] pci 0000:02:00.0: [15ad:0774] type 00 class 0x0c0300
[    2.251992] pci 0000:02:00.0: reg 0x20: [io  0x20c0-0x20df]
[    2.252741] pci 0000:02:00.0: System wakeup disabled by ACPI
[    2.252806] pci 0000:02:01.0: [1022:2000] type 00 class 0x020000
[    2.253147] pci 0000:02:01.0: reg 0x10: [io  0x2000-0x207f]
[    2.255045] pci 0000:02:01.0: reg 0x30: [mem 0x00000000-0x0000ffff pref]
[    2.255167] pci 0000:02:01.0: System wakeup disabled by ACPI
[    2.255232] pci 0000:02:02.0: [1274:1371] type 00 class 0x040100
[    2.255651] pci 0000:02:02.0: reg 0x10: [io  0x2080-0x20bf]
[    2.258124] pci 0000:02:02.0: System wakeup disabled by ACPI
[    2.258207] pci 0000:02:03.0: [15ad:0770] type 00 class 0x0c0320
[    2.258623] pci 0000:02:03.0: reg 0x10: [mem 0xfd5ff000-0xfd5fffff]
[    2.260946] pci 0000:02:03.0: System wakeup disabled by ACPI
[    2.261233] pci 0000:00:11.0: PCI bridge to [bus 02] (subtractive decode)
[    2.261255] pci 0000:00:11.0:   bridge window [io  0x2000-0x3fff]
[    2.261275] pci 0000:00:11.0:   bridge window [mem 0xfd500000-0xfdffffff]
[    2.261314] pci 0000:00:11.0:   bridge window [mem 0xe7b00000-0xe7ffffff 64bit pref]
[    2.261317] pci 0000:00:11.0:   bridge window [mem 0x000a0000-0x000bffff] (subtractive decode)
[    2.261318] pci 0000:00:11.0:   bridge window [mem 0x000cc000-0x000cffff] (subtractive decode)
[    2.261320] pci 0000:00:11.0:   bridge window [mem 0x000d0000-0x000d3fff] (subtractive decode)
[    2.261321] pci 0000:00:11.0:   bridge window [mem 0x000d4000-0x000d7fff] (subtractive decode)
[    2.261322] pci 0000:00:11.0:   bridge window [mem 0x000d8000-0x000dbfff] (subtractive decode)
[    2.261324] pci 0000:00:11.0:   bridge window [mem 0xc0000000-0xfebfffff] (subtractive decode)
[    2.261326] pci 0000:00:11.0:   bridge window [io  0x0000-0x0cf7] (subtractive decode)
[    2.261327] pci 0000:00:11.0:   bridge window [io  0x0d00-0xfeff] (subtractive decode)
[    2.261896] pci 0000:03:00.0: [15ad:0778] type 00 class 0x0c0330
[    2.262336] pci 0000:03:00.0: reg 0x10: [mem 0xfd4c0000-0xfd4dffff 64bit]
[    2.264577] pci 0000:03:00.0: PME# supported from D0 D3hot D3cold
[    2.264715] pci 0000:03:00.0: System wakeup disabled by ACPI
[    2.264751] pci 0000:03:00.0: disabling ASPM on pre-1.1 PCIe device.  You can enable it with 'pcie_aspm=force'
[    2.264802] pci 0000:00:15.0: PCI bridge to [bus 03]
[    2.264823] pci 0000:00:15.0:   bridge window [io  0x4000-0x4fff]
[    2.264843] pci 0000:00:15.0:   bridge window [mem 0xfd400000-0xfd4fffff]
[    2.264882] pci 0000:00:15.0:   bridge window [mem 0xe7a00000-0xe7afffff 64bit pref]
[    2.265357] pci 0000:00:15.1: PCI bridge to [bus 04]
[    2.265385] pci 0000:00:15.1:   bridge window [io  0x8000-0x8fff]
[    2.265406] pci 0000:00:15.1:   bridge window [mem 0xfd000000-0xfd0fffff]
[    2.265444] pci 0000:00:15.1:   bridge window [mem 0xe7600000-0xe76fffff 64bit pref]
[    2.265908] pci 0000:00:15.2: PCI bridge to [bus 05]
[    2.265929] pci 0000:00:15.2:   bridge window [io  0xc000-0xcfff]
[    2.265950] pci 0000:00:15.2:   bridge window [mem 0xfcc00000-0xfccfffff]
[    2.265988] pci 0000:00:15.2:   bridge window [mem 0xe7200000-0xe72fffff 64bit pref]
[    2.266445] pci 0000:00:15.3: PCI bridge to [bus 06]
[    2.266484] pci 0000:00:15.3:   bridge window [mem 0xfc800000-0xfc8fffff]
[    2.266522] pci 0000:00:15.3:   bridge window [mem 0xe6e00000-0xe6efffff 64bit pref]
[    2.266986] pci 0000:00:15.4: PCI bridge to [bus 07]
[    2.267021] pci 0000:00:15.4:   bridge window [mem 0xfc400000-0xfc4fffff]
[    2.267056] pci 0000:00:15.4:   bridge window [mem 0xe6a00000-0xe6afffff 64bit pref]
[    2.267472] pci 0000:00:15.5: PCI bridge to [bus 08]
[    2.267507] pci 0000:00:15.5:   bridge window [mem 0xfc000000-0xfc0fffff]
[    2.267542] pci 0000:00:15.5:   bridge window [mem 0xe6600000-0xe66fffff 64bit pref]
[    2.268002] pci 0000:00:15.6: PCI bridge to [bus 09]
[    2.268038] pci 0000:00:15.6:   bridge window [mem 0xfbc00000-0xfbcfffff]
[    2.268074] pci 0000:00:15.6:   bridge window [mem 0xe6200000-0xe62fffff 64bit pref]
[    2.268502] pci 0000:00:15.7: PCI bridge to [bus 0a]
[    2.268539] pci 0000:00:15.7:   bridge window [mem 0xfb800000-0xfb8fffff]
[    2.268575] pci 0000:00:15.7:   bridge window [mem 0xe5e00000-0xe5efffff 64bit pref]
[    2.269000] pci 0000:00:16.0: PCI bridge to [bus 0b]
[    2.269019] pci 0000:00:16.0:   bridge window [io  0x5000-0x5fff]
[    2.269039] pci 0000:00:16.0:   bridge window [mem 0xfd300000-0xfd3fffff]
[    2.269075] pci 0000:00:16.0:   bridge window [mem 0xe7900000-0xe79fffff 64bit pref]
[    2.269543] pci 0000:00:16.1: PCI bridge to [bus 0c]
[    2.269564] pci 0000:00:16.1:   bridge window [io  0x9000-0x9fff]
[    2.269584] pci 0000:00:16.1:   bridge window [mem 0xfcf00000-0xfcffffff]
[    2.269623] pci 0000:00:16.1:   bridge window [mem 0xe7500000-0xe75fffff 64bit pref]
[    2.270083] pci 0000:00:16.2: PCI bridge to [bus 0d]
[    2.270104] pci 0000:00:16.2:   bridge window [io  0xd000-0xdfff]
[    2.270124] pci 0000:00:16.2:   bridge window [mem 0xfcb00000-0xfcbfffff]
[    2.270163] pci 0000:00:16.2:   bridge window [mem 0xe7100000-0xe71fffff 64bit pref]
[    2.270620] pci 0000:00:16.3: PCI bridge to [bus 0e]
[    2.270659] pci 0000:00:16.3:   bridge window [mem 0xfc700000-0xfc7fffff]
[    2.270698] pci 0000:00:16.3:   bridge window [mem 0xe6d00000-0xe6dfffff 64bit pref]
[    2.271157] pci 0000:00:16.4: PCI bridge to [bus 0f]
[    2.271196] pci 0000:00:16.4:   bridge window [mem 0xfc300000-0xfc3fffff]
[    2.271234] pci 0000:00:16.4:   bridge window [mem 0xe6900000-0xe69fffff 64bit pref]
[    2.271712] pci 0000:00:16.5: PCI bridge to [bus 10]
[    2.271751] pci 0000:00:16.5:   bridge window [mem 0xfbf00000-0xfbffffff]
[    2.271790] pci 0000:00:16.5:   bridge window [mem 0xe6500000-0xe65fffff 64bit pref]
[    2.272246] pci 0000:00:16.6: PCI bridge to [bus 11]
[    2.272284] pci 0000:00:16.6:   bridge window [mem 0xfbb00000-0xfbbfffff]
[    2.272323] pci 0000:00:16.6:   bridge window [mem 0xe6100000-0xe61fffff 64bit pref]
[    2.272783] pci 0000:00:16.7: PCI bridge to [bus 12]
[    2.272822] pci 0000:00:16.7:   bridge window [mem 0xfb700000-0xfb7fffff]
[    2.272860] pci 0000:00:16.7:   bridge window [mem 0xe5d00000-0xe5dfffff 64bit pref]
[    2.273325] pci 0000:00:17.0: PCI bridge to [bus 13]
[    2.273353] pci 0000:00:17.0:   bridge window [io  0x6000-0x6fff]
[    2.273374] pci 0000:00:17.0:   bridge window [mem 0xfd200000-0xfd2fffff]
[    2.273413] pci 0000:00:17.0:   bridge window [mem 0xe7800000-0xe78fffff 64bit pref]
[    2.273874] pci 0000:00:17.1: PCI bridge to [bus 14]
[    2.273895] pci 0000:00:17.1:   bridge window [io  0xa000-0xafff]
[    2.273915] pci 0000:00:17.1:   bridge window [mem 0xfce00000-0xfcefffff]
[    2.273954] pci 0000:00:17.1:   bridge window [mem 0xe7400000-0xe74fffff 64bit pref]
[    2.274431] pci 0000:00:17.2: PCI bridge to [bus 15]
[    2.274452] pci 0000:00:17.2:   bridge window [io  0xe000-0xefff]
[    2.274472] pci 0000:00:17.2:   bridge window [mem 0xfca00000-0xfcafffff]
[    2.274511] pci 0000:00:17.2:   bridge window [mem 0xe7000000-0xe70fffff 64bit pref]
[    2.274972] pci 0000:00:17.3: PCI bridge to [bus 16]
[    2.275010] pci 0000:00:17.3:   bridge window [mem 0xfc600000-0xfc6fffff]
[    2.275049] pci 0000:00:17.3:   bridge window [mem 0xe6c00000-0xe6cfffff 64bit pref]
[    2.275506] pci 0000:00:17.4: PCI bridge to [bus 17]
[    2.275545] pci 0000:00:17.4:   bridge window [mem 0xfc200000-0xfc2fffff]
[    2.275584] pci 0000:00:17.4:   bridge window [mem 0xe6800000-0xe68fffff 64bit pref]
[    2.276040] pci 0000:00:17.5: PCI bridge to [bus 18]
[    2.276079] pci 0000:00:17.5:   bridge window [mem 0xfbe00000-0xfbefffff]
[    2.276117] pci 0000:00:17.5:   bridge window [mem 0xe6400000-0xe64fffff 64bit pref]
[    2.276585] pci 0000:00:17.6: PCI bridge to [bus 19]
[    2.276624] pci 0000:00:17.6:   bridge window [mem 0xfba00000-0xfbafffff]
[    2.276670] pci 0000:00:17.6:   bridge window [mem 0xe6000000-0xe60fffff 64bit pref]
[    2.277127] pci 0000:00:17.7: PCI bridge to [bus 1a]
[    2.277165] pci 0000:00:17.7:   bridge window [mem 0xfb600000-0xfb6fffff]
[    2.277204] pci 0000:00:17.7:   bridge window [mem 0xe5c00000-0xe5cfffff 64bit pref]
[    2.277672] pci 0000:00:18.0: PCI bridge to [bus 1b]
[    2.277693] pci 0000:00:18.0:   bridge window [io  0x7000-0x7fff]
[    2.277713] pci 0000:00:18.0:   bridge window [mem 0xfd100000-0xfd1fffff]
[    2.277752] pci 0000:00:18.0:   bridge window [mem 0xe7700000-0xe77fffff 64bit pref]
[    2.278243] pci 0000:00:18.1: PCI bridge to [bus 1c]
[    2.278265] pci 0000:00:18.1:   bridge window [io  0xb000-0xbfff]
[    2.278287] pci 0000:00:18.1:   bridge window [mem 0xfcd00000-0xfcdfffff]
[    2.278325] pci 0000:00:18.1:   bridge window [mem 0xe7300000-0xe73fffff 64bit pref]
[    2.278798] pci 0000:00:18.2: PCI bridge to [bus 1d]
[    2.278837] pci 0000:00:18.2:   bridge window [mem 0xfc900000-0xfc9fffff]
[    2.278876] pci 0000:00:18.2:   bridge window [mem 0xe6f00000-0xe6ffffff 64bit pref]
[    2.279354] pci 0000:00:18.3: PCI bridge to [bus 1e]
[    2.279392] pci 0000:00:18.3:   bridge window [mem 0xfc500000-0xfc5fffff]
[    2.279431] pci 0000:00:18.3:   bridge window [mem 0xe6b00000-0xe6bfffff 64bit pref]
[    2.279889] pci 0000:00:18.4: PCI bridge to [bus 1f]
[    2.279928] pci 0000:00:18.4:   bridge window [mem 0xfc100000-0xfc1fffff]
[    2.279966] pci 0000:00:18.4:   bridge window [mem 0xe6700000-0xe67fffff 64bit pref]
[    2.280437] pci 0000:00:18.5: PCI bridge to [bus 20]
[    2.280476] pci 0000:00:18.5:   bridge window [mem 0xfbd00000-0xfbdfffff]
[    2.280515] pci 0000:00:18.5:   bridge window [mem 0xe6300000-0xe63fffff 64bit pref]
[    2.280971] pci 0000:00:18.6: PCI bridge to [bus 21]
[    2.281010] pci 0000:00:18.6:   bridge window [mem 0xfb900000-0xfb9fffff]
[    2.281049] pci 0000:00:18.6:   bridge window [mem 0xe5f00000-0xe5ffffff 64bit pref]
[    2.281519] pci 0000:00:18.7: PCI bridge to [bus 22]
[    2.281558] pci 0000:00:18.7:   bridge window [mem 0xfb500000-0xfb5fffff]
[    2.281597] pci 0000:00:18.7:   bridge window [mem 0xe5b00000-0xe5bfffff 64bit pref]
[    2.283570] pci_bus 0000:00: on NUMA node 0
[    2.283681] ACPI: PCI Interrupt Link [LNKA] (IRQs 3 4 5 6 7 *9 10 11 14 15)
[    2.283763] ACPI: PCI Interrupt Link [LNKB] (IRQs 3 4 5 6 7 9 10 *11 14 15)
[    2.283841] ACPI: PCI Interrupt Link [LNKC] (IRQs 3 4 5 6 7 9 *10 11 14 15)
[    2.283919] ACPI: PCI Interrupt Link [LNKD] (IRQs 3 4 *5 6 7 9 10 11 14 15)
[    2.751124] ACPI: Enabled 2 GPEs in block 00 to 0F
[    2.751143] ACPI: \_SB_.PCI0: notify handler is installed
[    2.751488] Found 1 acpi root devices
[    2.751961] vgaarb: device added: PCI:0000:00:0f.0,decodes=io+mem,owns=io+mem,locks=none
[    2.751984] vgaarb: loaded
[    2.751986] vgaarb: bridge control possible 0000:00:0f.0
[    2.752397] SCSI subsystem initialized
[    2.752402] ACPI: bus type ATA registered
[    2.752696] libata version 3.00 loaded.
[    2.752727] ACPI: bus type USB registered
[    2.752768] usbcore: registered new interface driver usbfs
[    2.752787] usbcore: registered new interface driver hub
[    2.753169] usbcore: registered new device driver usb
[    2.754110] PCI: Using ACPI for IRQ routing
[    2.810628] PCI: pci_cache_line_size set to 64 bytes
[    2.811512] e820: reserve RAM buffer [mem 0x0009f000-0x0009ffff]
[    2.811515] e820: reserve RAM buffer [mem 0x5fee0000-0x5fffffff]
[    2.811598] NetLabel: Initializing
[    2.811599] NetLabel:  domain hash size = 128
[    2.811600] NetLabel:  protocols = UNLABELED CIPSOv4
[    2.811607] NetLabel:  unlabeled traffic allowed by default
[    2.811885] hpet0: at MMIO 0xfed00000, IRQs 2, 8, 0, 0, 0, 0, 0, 0, 0, 0, 0, 0, 0, 0, 0, 0
[    2.811894] hpet0: 16 comparators, 64-bit 14.318180 MHz counter
[    2.815069] Switched to clocksource hpet
[    2.820906] AppArmor: AppArmor Filesystem Enabled
[    2.820926] pnp: PnP ACPI init
[    2.820935] ACPI: bus type PNP registered
[    2.821099] system 00:00: [io  0x1000-0x103f] could not be reserved
[    2.821101] system 00:00: [io  0x1040-0x104f] has been reserved
[    2.821103] system 00:00: [io  0x0cf0-0x0cf1] has been reserved
[    2.821106] system 00:00: Plug and Play ACPI device, IDs PNP0c02 (active)
[    2.821115] pnp 00:01: [dma 4]
[    2.821127] pnp 00:01: Plug and Play ACPI device, IDs PNP0200 (active)
[    2.821148] pnp 00:02: Plug and Play ACPI device, IDs PNP0001 (active)
[    2.821177] pnp 00:03: Plug and Play ACPI device, IDs PNP0b00 (active)
[    2.821192] pnp 00:04: Plug and Play ACPI device, IDs PNP0800 (active)
[    2.821216] pnp 00:05: Plug and Play ACPI device, IDs PNP0303 (active)
[    2.821236] pnp 00:06: Plug and Play ACPI device, IDs PNP0f13 (active)
[    2.821418] system 00:07: [mem 0xfed00000-0xfed003ff] has been reserved
[    2.821421] system 00:07: Plug and Play ACPI device, IDs PNP0103 PNP0c01 (active)
[    2.822968] pnp 00:08: Plug and Play ACPI device, IDs PNP0400 (active)
[    2.823168] pnp 00:09: Plug and Play ACPI device, IDs PNP0501 (active)
[    2.823384] pnp 00:0a: Plug and Play ACPI device, IDs PNP0501 (active)
[    2.823544] pnp 00:0b: [dma 2]
[    2.823580] pnp 00:0b: Plug and Play ACPI device, IDs PNP0700 (active)
[    2.823759] system 00:0c: [io  0xfce0-0xfcff] has been reserved
[    2.823762] system 00:0c: [mem 0xf0000000-0xf7ffffff] has been reserved
[    2.823764] system 00:0c: [mem 0xfe800000-0xfe9fffff] has been reserved
[    2.823766] system 00:0c: Plug and Play ACPI device, IDs PNP0c02 (active)
[    2.952422] pnp 00:0d: Plug and Play ACPI device, IDs PNP0c80 (active)
[    3.880441] pnp: PnP ACPI: found 14 devices
[    3.880448] ACPI: bus type PNP unregistered
[    3.880457] PnPBIOS: Disabled by ACPI PNP
[    3.937906] pci 0000:00:15.3: bridge window [io  0x1000-0x0fff] to [bus 06] add_size 1000
[    3.937956] pci 0000:00:15.4: bridge window [io  0x1000-0x0fff] to [bus 07] add_size 1000
[    3.938005] pci 0000:00:15.5: bridge window [io  0x1000-0x0fff] to [bus 08] add_size 1000
[    3.938055] pci 0000:00:15.6: bridge window [io  0x1000-0x0fff] to [bus 09] add_size 1000
[    3.938104] pci 0000:00:15.7: bridge window [io  0x1000-0x0fff] to [bus 0a] add_size 1000
[    3.938154] pci 0000:00:16.3: bridge window [io  0x1000-0x0fff] to [bus 0e] add_size 1000
[    3.938204] pci 0000:00:16.4: bridge window [io  0x1000-0x0fff] to [bus 0f] add_size 1000
[    3.938253] pci 0000:00:16.5: bridge window [io  0x1000-0x0fff] to [bus 10] add_size 1000
[    3.938303] pci 0000:00:16.6: bridge window [io  0x1000-0x0fff] to [bus 11] add_size 1000
[    3.938353] pci 0000:00:16.7: bridge window [io  0x1000-0x0fff] to [bus 12] add_size 1000
[    3.938402] pci 0000:00:17.3: bridge window [io  0x1000-0x0fff] to [bus 16] add_size 1000
[    3.938452] pci 0000:00:17.4: bridge window [io  0x1000-0x0fff] to [bus 17] add_size 1000
[    3.938502] pci 0000:00:17.5: bridge window [io  0x1000-0x0fff] to [bus 18] add_size 1000
[    3.938551] pci 0000:00:17.6: bridge window [io  0x1000-0x0fff] to [bus 19] add_size 1000
[    3.938601] pci 0000:00:17.7: bridge window [io  0x1000-0x0fff] to [bus 1a] add_size 1000
[    3.938650] pci 0000:00:18.2: bridge window [io  0x1000-0x0fff] to [bus 1d] add_size 1000
[    3.938700] pci 0000:00:18.3: bridge window [io  0x1000-0x0fff] to [bus 1e] add_size 1000
[    3.938750] pci 0000:00:18.4: bridge window [io  0x1000-0x0fff] to [bus 1f] add_size 1000
[    3.938799] pci 0000:00:18.5: bridge window [io  0x1000-0x0fff] to [bus 20] add_size 1000
[    3.938849] pci 0000:00:18.6: bridge window [io  0x1000-0x0fff] to [bus 21] add_size 1000
[    3.938899] pci 0000:00:18.7: bridge window [io  0x1000-0x0fff] to [bus 22] add_size 1000
[    3.938926] pci 0000:00:15.3: res[13]=[io  0x1000-0x0fff] get_res_add_size add_size 1000
[    3.938931] pci 0000:00:15.4: res[13]=[io  0x1000-0x0fff] get_res_add_size add_size 1000
[    3.938935] pci 0000:00:15.5: res[13]=[io  0x1000-0x0fff] get_res_add_size add_size 1000
[    3.938939] pci 0000:00:15.6: res[13]=[io  0x1000-0x0fff] get_res_add_size add_size 1000
[    3.938942] pci 0000:00:15.7: res[13]=[io  0x1000-0x0fff] get_res_add_size add_size 1000
[    3.938946] pci 0000:00:16.3: res[13]=[io  0x1000-0x0fff] get_res_add_size add_size 1000
[    3.938950] pci 0000:00:16.4: res[13]=[io  0x1000-0x0fff] get_res_add_size add_size 1000
[    3.938954] pci 0000:00:16.5: res[13]=[io  0x1000-0x0fff] get_res_add_size add_size 1000
[    3.938958] pci 0000:00:16.6: res[13]=[io  0x1000-0x0fff] get_res_add_size add_size 1000
[    3.938962] pci 0000:00:16.7: res[13]=[io  0x1000-0x0fff] get_res_add_size add_size 1000
[    3.938966] pci 0000:00:17.3: res[13]=[io  0x1000-0x0fff] get_res_add_size add_size 1000
[    3.938970] pci 0000:00:17.4: res[13]=[io  0x1000-0x0fff] get_res_add_size add_size 1000
[    3.938974] pci 0000:00:17.5: res[13]=[io  0x1000-0x0fff] get_res_add_size add_size 1000
[    3.938978] pci 0000:00:17.6: res[13]=[io  0x1000-0x0fff] get_res_add_size add_size 1000
[    3.938981] pci 0000:00:17.7: res[13]=[io  0x1000-0x0fff] get_res_add_size add_size 1000
[    3.938985] pci 0000:00:18.2: res[13]=[io  0x1000-0x0fff] get_res_add_size add_size 1000
[    3.938989] pci 0000:00:18.3: res[13]=[io  0x1000-0x0fff] get_res_add_size add_size 1000
[    3.938993] pci 0000:00:18.4: res[13]=[io  0x1000-0x0fff] get_res_add_size add_size 1000
[    3.938997] pci 0000:00:18.5: res[13]=[io  0x1000-0x0fff] get_res_add_size add_size 1000
[    3.939001] pci 0000:00:18.6: res[13]=[io  0x1000-0x0fff] get_res_add_size add_size 1000
[    3.939005] pci 0000:00:18.7: res[13]=[io  0x1000-0x0fff] get_res_add_size add_size 1000
[    3.939014] pci 0000:00:0f.0: BAR 6: assigned [mem 0xc0000000-0xc0007fff pref]
[    3.939022] pci 0000:00:10.0: BAR 6: assigned [mem 0xc0008000-0xc000bfff pref]
[    3.939029] pci 0000:00:15.3: BAR 13: can't assign io (size 0x1000)
[    3.939035] pci 0000:00:15.4: BAR 13: can't assign io (size 0x1000)
[    3.939041] pci 0000:00:15.5: BAR 13: can't assign io (size 0x1000)
[    3.939046] pci 0000:00:15.6: BAR 13: can't assign io (size 0x1000)
[    3.939051] pci 0000:00:15.7: BAR 13: can't assign io (size 0x1000)
[    3.939056] pci 0000:00:16.3: BAR 13: can't assign io (size 0x1000)
[    3.939062] pci 0000:00:16.4: BAR 13: can't assign io (size 0x1000)
[    3.939067] pci 0000:00:16.5: BAR 13: can't assign io (size 0x1000)
[    3.939072] pci 0000:00:16.6: BAR 13: can't assign io (size 0x1000)
[    3.939078] pci 0000:00:16.7: BAR 13: can't assign io (size 0x1000)
[    3.939083] pci 0000:00:17.3: BAR 13: can't assign io (size 0x1000)
[    3.939088] pci 0000:00:17.4: BAR 13: can't assign io (size 0x1000)
[    3.939094] pci 0000:00:17.5: BAR 13: can't assign io (size 0x1000)
[    3.939099] pci 0000:00:17.6: BAR 13: can't assign io (size 0x1000)
[    3.939104] pci 0000:00:17.7: BAR 13: can't assign io (size 0x1000)
[    3.939109] pci 0000:00:18.2: BAR 13: can't assign io (size 0x1000)
[    3.939115] pci 0000:00:18.3: BAR 13: can't assign io (size 0x1000)
[    3.939135] pci 0000:00:18.4: BAR 13: can't assign io (size 0x1000)
[    3.939141] pci 0000:00:18.5: BAR 13: can't assign io (size 0x1000)
[    3.939147] pci 0000:00:18.6: BAR 13: can't assign io (size 0x1000)
[    3.939152] pci 0000:00:18.7: BAR 13: can't assign io (size 0x1000)
[    3.939161] pci 0000:00:18.7: BAR 13: can't assign io (size 0x1000)
[    3.939167] pci 0000:00:18.6: BAR 13: can't assign io (size 0x1000)
[    3.939173] pci 0000:00:18.5: BAR 13: can't assign io (size 0x1000)
[    3.939178] pci 0000:00:18.4: BAR 13: can't assign io (size 0x1000)
[    3.939183] pci 0000:00:18.3: BAR 13: can't assign io (size 0x1000)
[    3.939189] pci 0000:00:18.2: BAR 13: can't assign io (size 0x1000)
[    3.939194] pci 0000:00:17.7: BAR 13: can't assign io (size 0x1000)
[    3.939199] pci 0000:00:17.6: BAR 13: can't assign io (size 0x1000)
[    3.939205] pci 0000:00:17.5: BAR 13: can't assign io (size 0x1000)
[    3.939210] pci 0000:00:17.4: BAR 13: can't assign io (size 0x1000)
[    3.939216] pci 0000:00:17.3: BAR 13: can't assign io (size 0x1000)
[    3.939221] pci 0000:00:16.7: BAR 13: can't assign io (size 0x1000)
[    3.939226] pci 0000:00:16.6: BAR 13: can't assign io (size 0x1000)
[    3.939232] pci 0000:00:16.5: BAR 13: can't assign io (size 0x1000)
[    3.939237] pci 0000:00:16.4: BAR 13: can't assign io (size 0x1000)
[    3.939243] pci 0000:00:16.3: BAR 13: can't assign io (size 0x1000)
[    3.939248] pci 0000:00:15.7: BAR 13: can't assign io (size 0x1000)
[    3.939253] pci 0000:00:15.6: BAR 13: can't assign io (size 0x1000)
[    3.939259] pci 0000:00:15.5: BAR 13: can't assign io (size 0x1000)
[    3.939264] pci 0000:00:15.4: BAR 13: can't assign io (size 0x1000)
[    3.939269] pci 0000:00:15.3: BAR 13: can't assign io (size 0x1000)
[    3.939274] pci 0000:00:01.0: PCI bridge to [bus 01]
[    3.939324] pci 0000:02:01.0: BAR 6: assigned [mem 0xe7b00000-0xe7b0ffff pref]
[    3.939329] pci 0000:00:11.0: PCI bridge to [bus 02]
[    3.939352] pci 0000:00:11.0:   bridge window [io  0x2000-0x3fff]
[    3.939401] pci 0000:00:11.0:   bridge window [mem 0xfd500000-0xfdffffff]
[    3.939439] pci 0000:00:11.0:   bridge window [mem 0xe7b00000-0xe7ffffff 64bit pref]
[    3.939489] pci 0000:00:15.0: PCI bridge to [bus 03]
[    3.939511] pci 0000:00:15.0:   bridge window [io  0x4000-0x4fff]
[    3.939561] pci 0000:00:15.0:   bridge window [mem 0xfd400000-0xfd4fffff]
[    3.939598] pci 0000:00:15.0:   bridge window [mem 0xe7a00000-0xe7afffff 64bit pref]
[    3.939774] pci 0000:00:15.1: PCI bridge to [bus 04]
[    3.939799] pci 0000:00:15.1:   bridge window [io  0x8000-0x8fff]
[    3.939849] pci 0000:00:15.1:   bridge window [mem 0xfd000000-0xfd0fffff]
[    3.939886] pci 0000:00:15.1:   bridge window [mem 0xe7600000-0xe76fffff 64bit pref]
[    3.939936] pci 0000:00:15.2: PCI bridge to [bus 05]
[    3.939960] pci 0000:00:15.2:   bridge window [io  0xc000-0xcfff]
[    3.940009] pci 0000:00:15.2:   bridge window [mem 0xfcc00000-0xfccfffff]
[    3.940047] pci 0000:00:15.2:   bridge window [mem 0xe7200000-0xe72fffff 64bit pref]
[    3.940096] pci 0000:00:15.3: PCI bridge to [bus 06]
[    3.940146] pci 0000:00:15.3:   bridge window [mem 0xfc800000-0xfc8fffff]
[    3.940184] pci 0000:00:15.3:   bridge window [mem 0xe6e00000-0xe6efffff 64bit pref]
[    3.940233] pci 0000:00:15.4: PCI bridge to [bus 07]
[    3.940283] pci 0000:00:15.4:   bridge window [mem 0xfc400000-0xfc4fffff]
[    3.940332] pci 0000:00:15.4:   bridge window [mem 0xe6a00000-0xe6afffff 64bit pref]
[    3.940382] pci 0000:00:15.5: PCI bridge to [bus 08]
[    3.940432] pci 0000:00:15.5:   bridge window [mem 0xfc000000-0xfc0fffff]
[    3.940469] pci 0000:00:15.5:   bridge window [mem 0xe6600000-0xe66fffff 64bit pref]
[    3.940519] pci 0000:00:15.6: PCI bridge to [bus 09]
[    3.940569] pci 0000:00:15.6:   bridge window [mem 0xfbc00000-0xfbcfffff]
[    3.940606] pci 0000:00:15.6:   bridge window [mem 0xe6200000-0xe62fffff 64bit pref]
[    3.940656] pci 0000:00:15.7: PCI bridge to [bus 0a]
[    3.940705] pci 0000:00:15.7:   bridge window [mem 0xfb800000-0xfb8fffff]
[    3.940743] pci 0000:00:15.7:   bridge window [mem 0xe5e00000-0xe5efffff 64bit pref]
[    3.940793] pci 0000:00:16.0: PCI bridge to [bus 0b]
[    3.940816] pci 0000:00:16.0:   bridge window [io  0x5000-0x5fff]
[    3.940866] pci 0000:00:16.0:   bridge window [mem 0xfd300000-0xfd3fffff]
[    3.940903] pci 0000:00:16.0:   bridge window [mem 0xe7900000-0xe79fffff 64bit pref]
[    3.940953] pci 0000:00:16.1: PCI bridge to [bus 0c]
[    3.940976] pci 0000:00:16.1:   bridge window [io  0x9000-0x9fff]
[    3.941025] pci 0000:00:16.1:   bridge window [mem 0xfcf00000-0xfcffffff]
[    3.941075] pci 0000:00:16.1:   bridge window [mem 0xe7500000-0xe75fffff 64bit pref]
[    3.941125] pci 0000:00:16.2: PCI bridge to [bus 0d]
[    3.941148] pci 0000:00:16.2:   bridge window [io  0xd000-0xdfff]
[    3.941197] pci 0000:00:16.2:   bridge window [mem 0xfcb00000-0xfcbfffff]
[    3.941235] pci 0000:00:16.2:   bridge window [mem 0xe7100000-0xe71fffff 64bit pref]
[    3.941284] pci 0000:00:16.3: PCI bridge to [bus 0e]
[    3.941334] pci 0000:00:16.3:   bridge window [mem 0xfc700000-0xfc7fffff]
[    3.941371] pci 0000:00:16.3:   bridge window [mem 0xe6d00000-0xe6dfffff 64bit pref]
[    3.941421] pci 0000:00:16.4: PCI bridge to [bus 0f]
[    3.941471] pci 0000:00:16.4:   bridge window [mem 0xfc300000-0xfc3fffff]
[    3.941508] pci 0000:00:16.4:   bridge window [mem 0xe6900000-0xe69fffff 64bit pref]
[    3.941558] pci 0000:00:16.5: PCI bridge to [bus 10]
[    3.941608] pci 0000:00:16.5:   bridge window [mem 0xfbf00000-0xfbffffff]
[    3.941645] pci 0000:00:16.5:   bridge window [mem 0xe6500000-0xe65fffff 64bit pref]
[    3.941695] pci 0000:00:16.6: PCI bridge to [bus 11]
[    3.941744] pci 0000:00:16.6:   bridge window [mem 0xfbb00000-0xfbbfffff]
[    3.941782] pci 0000:00:16.6:   bridge window [mem 0xe6100000-0xe61fffff 64bit pref]
[    3.941832] pci 0000:00:16.7: PCI bridge to [bus 12]
[    3.941881] pci 0000:00:16.7:   bridge window [mem 0xfb700000-0xfb7fffff]
[    3.941919] pci 0000:00:16.7:   bridge window [mem 0xe5d00000-0xe5dfffff 64bit pref]
[    3.941968] pci 0000:00:17.0: PCI bridge to [bus 13]
[    3.941992] pci 0000:00:17.0:   bridge window [io  0x6000-0x6fff]
[    3.942041] pci 0000:00:17.0:   bridge window [mem 0xfd200000-0xfd2fffff]
[    3.942079] pci 0000:00:17.0:   bridge window [mem 0xe7800000-0xe78fffff 64bit pref]
[    3.942128] pci 0000:00:17.1: PCI bridge to [bus 14]
[    3.942151] pci 0000:00:17.1:   bridge window [io  0xa000-0xafff]
[    3.942201] pci 0000:00:17.1:   bridge window [mem 0xfce00000-0xfcefffff]
[    3.942240] pci 0000:00:17.1:   bridge window [mem 0xe7400000-0xe74fffff 64bit pref]
[    3.942289] pci 0000:00:17.2: PCI bridge to [bus 15]
[    3.942312] pci 0000:00:17.2:   bridge window [io  0xe000-0xefff]
[    3.942362] pci 0000:00:17.2:   bridge window [mem 0xfca00000-0xfcafffff]
[    3.942400] pci 0000:00:17.2:   bridge window [mem 0xe7000000-0xe70fffff 64bit pref]
[    3.942449] pci 0000:00:17.3: PCI bridge to [bus 16]
[    3.942499] pci 0000:00:17.3:   bridge window [mem 0xfc600000-0xfc6fffff]
[    3.942536] pci 0000:00:17.3:   bridge window [mem 0xe6c00000-0xe6cfffff 64bit pref]
[    3.942586] pci 0000:00:17.4: PCI bridge to [bus 17]
[    3.942636] pci 0000:00:17.4:   bridge window [mem 0xfc200000-0xfc2fffff]
[    3.942673] pci 0000:00:17.4:   bridge window [mem 0xe6800000-0xe68fffff 64bit pref]
[    3.942723] pci 0000:00:17.5: PCI bridge to [bus 18]
[    3.942773] pci 0000:00:17.5:   bridge window [mem 0xfbe00000-0xfbefffff]
[    3.942810] pci 0000:00:17.5:   bridge window [mem 0xe6400000-0xe64fffff 64bit pref]
[    3.942860] pci 0000:00:17.6: PCI bridge to [bus 19]
[    3.942909] pci 0000:00:17.6:   bridge window [mem 0xfba00000-0xfbafffff]
[    3.942947] pci 0000:00:17.6:   bridge window [mem 0xe6000000-0xe60fffff 64bit pref]
[    3.942997] pci 0000:00:17.7: PCI bridge to [bus 1a]
[    3.943046] pci 0000:00:17.7:   bridge window [mem 0xfb600000-0xfb6fffff]
[    3.943084] pci 0000:00:17.7:   bridge window [mem 0xe5c00000-0xe5cfffff 64bit pref]
[    3.943133] pci 0000:00:18.0: PCI bridge to [bus 1b]
[    3.943157] pci 0000:00:18.0:   bridge window [io  0x7000-0x7fff]
[    3.943206] pci 0000:00:18.0:   bridge window [mem 0xfd100000-0xfd1fffff]
[    3.943244] pci 0000:00:18.0:   bridge window [mem 0xe7700000-0xe77fffff 64bit pref]
[    3.943293] pci 0000:00:18.1: PCI bridge to [bus 1c]
[    3.943317] pci 0000:00:18.1:   bridge window [io  0xb000-0xbfff]
[    3.943366] pci 0000:00:18.1:   bridge window [mem 0xfcd00000-0xfcdfffff]
[    3.943404] pci 0000:00:18.1:   bridge window [mem 0xe7300000-0xe73fffff 64bit pref]
[    3.943454] pci 0000:00:18.2: PCI bridge to [bus 1d]
[    3.943503] pci 0000:00:18.2:   bridge window [mem 0xfc900000-0xfc9fffff]
[    3.943541] pci 0000:00:18.2:   bridge window [mem 0xe6f00000-0xe6ffffff 64bit pref]
[    3.943590] pci 0000:00:18.3: PCI bridge to [bus 1e]
[    3.943640] pci 0000:00:18.3:   bridge window [mem 0xfc500000-0xfc5fffff]
[    3.943678] pci 0000:00:18.3:   bridge window [mem 0xe6b00000-0xe6bfffff 64bit pref]
[    3.943772] pci 0000:00:18.4: PCI bridge to [bus 1f]
[    3.943822] pci 0000:00:18.4:   bridge window [mem 0xfc100000-0xfc1fffff]
[    3.943860] pci 0000:00:18.4:   bridge window [mem 0xe6700000-0xe67fffff 64bit pref]
[    3.943909] pci 0000:00:18.5: PCI bridge to [bus 20]
[    3.943959] pci 0000:00:18.5:   bridge window [mem 0xfbd00000-0xfbdfffff]
[    3.943996] pci 0000:00:18.5:   bridge window [mem 0xe6300000-0xe63fffff 64bit pref]
[    3.944046] pci 0000:00:18.6: PCI bridge to [bus 21]
[    3.944096] pci 0000:00:18.6:   bridge window [mem 0xfb900000-0xfb9fffff]
[    3.944145] pci 0000:00:18.6:   bridge window [mem 0xe5f00000-0xe5ffffff 64bit pref]
[    3.944195] pci 0000:00:18.7: PCI bridge to [bus 22]
[    3.944245] pci 0000:00:18.7:   bridge window [mem 0xfb500000-0xfb5fffff]
[    3.944282] pci 0000:00:18.7:   bridge window [mem 0xe5b00000-0xe5bfffff 64bit pref]
[    3.944332] pci 0000:00:01.0: setting latency timer to 64
[    3.944381] pci_bus 0000:00: resource 4 [mem 0x000a0000-0x000bffff]
[    3.944387] pci_bus 0000:00: resource 5 [mem 0x000cc000-0x000cffff]
[    3.944391] pci_bus 0000:00: resource 6 [mem 0x000d0000-0x000d3fff]
[    3.944394] pci_bus 0000:00: resource 7 [mem 0x000d4000-0x000d7fff]
[    3.944398] pci_bus 0000:00: resource 8 [mem 0x000d8000-0x000dbfff]
[    3.944402] pci_bus 0000:00: resource 9 [mem 0xc0000000-0xfebfffff]
[    3.944406] pci_bus 0000:00: resource 10 [io  0x0000-0x0cf7]
[    3.944410] pci_bus 0000:00: resource 11 [io  0x0d00-0xfeff]
[    3.944415] pci_bus 0000:02: resource 0 [io  0x2000-0x3fff]
[    3.944432] pci_bus 0000:02: resource 1 [mem 0xfd500000-0xfdffffff]
[    3.944436] pci_bus 0000:02: resource 2 [mem 0xe7b00000-0xe7ffffff 64bit pref]
[    3.944440] pci_bus 0000:02: resource 4 [mem 0x000a0000-0x000bffff]
[    3.944444] pci_bus 0000:02: resource 5 [mem 0x000cc000-0x000cffff]
[    3.944448] pci_bus 0000:02: resource 6 [mem 0x000d0000-0x000d3fff]
[    3.944451] pci_bus 0000:02: resource 7 [mem 0x000d4000-0x000d7fff]
[    3.944455] pci_bus 0000:02: resource 8 [mem 0x000d8000-0x000dbfff]
[    3.944459] pci_bus 0000:02: resource 9 [mem 0xc0000000-0xfebfffff]
[    3.944463] pci_bus 0000:02: resource 10 [io  0x0000-0x0cf7]
[    3.944466] pci_bus 0000:02: resource 11 [io  0x0d00-0xfeff]
[    3.944471] pci_bus 0000:03: resource 0 [io  0x4000-0x4fff]
[    3.944474] pci_bus 0000:03: resource 1 [mem 0xfd400000-0xfd4fffff]
[    3.944478] pci_bus 0000:03: resource 2 [mem 0xe7a00000-0xe7afffff 64bit pref]
[    3.944482] pci_bus 0000:04: resource 0 [io  0x8000-0x8fff]
[    3.944486] pci_bus 0000:04: resource 1 [mem 0xfd000000-0xfd0fffff]
[    3.944490] pci_bus 0000:04: resource 2 [mem 0xe7600000-0xe76fffff 64bit pref]
[    3.944494] pci_bus 0000:05: resource 0 [io  0xc000-0xcfff]
[    3.944497] pci_bus 0000:05: resource 1 [mem 0xfcc00000-0xfccfffff]
[    3.944501] pci_bus 0000:05: resource 2 [mem 0xe7200000-0xe72fffff 64bit pref]
[    3.944505] pci_bus 0000:06: resource 1 [mem 0xfc800000-0xfc8fffff]
[    3.944509] pci_bus 0000:06: resource 2 [mem 0xe6e00000-0xe6efffff 64bit pref]
[    3.944513] pci_bus 0000:07: resource 1 [mem 0xfc400000-0xfc4fffff]
[    3.944517] pci_bus 0000:07: resource 2 [mem 0xe6a00000-0xe6afffff 64bit pref]
[    3.944521] pci_bus 0000:08: resource 1 [mem 0xfc000000-0xfc0fffff]
[    3.944525] pci_bus 0000:08: resource 2 [mem 0xe6600000-0xe66fffff 64bit pref]
[    3.944529] pci_bus 0000:09: resource 1 [mem 0xfbc00000-0xfbcfffff]
[    3.944533] pci_bus 0000:09: resource 2 [mem 0xe6200000-0xe62fffff 64bit pref]
[    3.944537] pci_bus 0000:0a: resource 1 [mem 0xfb800000-0xfb8fffff]
[    3.944541] pci_bus 0000:0a: resource 2 [mem 0xe5e00000-0xe5efffff 64bit pref]
[    3.944544] pci_bus 0000:0b: resource 0 [io  0x5000-0x5fff]
[    3.944548] pci_bus 0000:0b: resource 1 [mem 0xfd300000-0xfd3fffff]
[    3.944552] pci_bus 0000:0b: resource 2 [mem 0xe7900000-0xe79fffff 64bit pref]
[    3.944556] pci_bus 0000:0c: resource 0 [io  0x9000-0x9fff]
[    3.944560] pci_bus 0000:0c: resource 1 [mem 0xfcf00000-0xfcffffff]
[    3.944563] pci_bus 0000:0c: resource 2 [mem 0xe7500000-0xe75fffff 64bit pref]
[    3.944567] pci_bus 0000:0d: resource 0 [io  0xd000-0xdfff]
[    3.944571] pci_bus 0000:0d: resource 1 [mem 0xfcb00000-0xfcbfffff]
[    3.944575] pci_bus 0000:0d: resource 2 [mem 0xe7100000-0xe71fffff 64bit pref]
[    3.944579] pci_bus 0000:0e: resource 1 [mem 0xfc700000-0xfc7fffff]
[    3.944582] pci_bus 0000:0e: resource 2 [mem 0xe6d00000-0xe6dfffff 64bit pref]
[    3.944586] pci_bus 0000:0f: resource 1 [mem 0xfc300000-0xfc3fffff]
[    3.944590] pci_bus 0000:0f: resource 2 [mem 0xe6900000-0xe69fffff 64bit pref]
[    3.944594] pci_bus 0000:10: resource 1 [mem 0xfbf00000-0xfbffffff]
[    3.944598] pci_bus 0000:10: resource 2 [mem 0xe6500000-0xe65fffff 64bit pref]
[    3.944602] pci_bus 0000:11: resource 1 [mem 0xfbb00000-0xfbbfffff]
[    3.944606] pci_bus 0000:11: resource 2 [mem 0xe6100000-0xe61fffff 64bit pref]
[    3.944610] pci_bus 0000:12: resource 1 [mem 0xfb700000-0xfb7fffff]
[    3.944614] pci_bus 0000:12: resource 2 [mem 0xe5d00000-0xe5dfffff 64bit pref]
[    3.944618] pci_bus 0000:13: resource 0 [io  0x6000-0x6fff]
[    3.944621] pci_bus 0000:13: resource 1 [mem 0xfd200000-0xfd2fffff]
[    3.944625] pci_bus 0000:13: resource 2 [mem 0xe7800000-0xe78fffff 64bit pref]
[    3.944629] pci_bus 0000:14: resource 0 [io  0xa000-0xafff]
[    3.944633] pci_bus 0000:14: resource 1 [mem 0xfce00000-0xfcefffff]
[    3.944637] pci_bus 0000:14: resource 2 [mem 0xe7400000-0xe74fffff 64bit pref]
[    3.944641] pci_bus 0000:15: resource 0 [io  0xe000-0xefff]
[    3.944644] pci_bus 0000:15: resource 1 [mem 0xfca00000-0xfcafffff]
[    3.944648] pci_bus 0000:15: resource 2 [mem 0xe7000000-0xe70fffff 64bit pref]
[    3.944652] pci_bus 0000:16: resource 1 [mem 0xfc600000-0xfc6fffff]
[    3.944656] pci_bus 0000:16: resource 2 [mem 0xe6c00000-0xe6cfffff 64bit pref]
[    3.944660] pci_bus 0000:17: resource 1 [mem 0xfc200000-0xfc2fffff]
[    3.944664] pci_bus 0000:17: resource 2 [mem 0xe6800000-0xe68fffff 64bit pref]
[    3.944668] pci_bus 0000:18: resource 1 [mem 0xfbe00000-0xfbefffff]
[    3.944672] pci_bus 0000:18: resource 2 [mem 0xe6400000-0xe64fffff 64bit pref]
[    3.944675] pci_bus 0000:19: resource 1 [mem 0xfba00000-0xfbafffff]
[    3.944679] pci_bus 0000:19: resource 2 [mem 0xe6000000-0xe60fffff 64bit pref]
[    3.944683] pci_bus 0000:1a: resource 1 [mem 0xfb600000-0xfb6fffff]
[    3.944687] pci_bus 0000:1a: resource 2 [mem 0xe5c00000-0xe5cfffff 64bit pref]
[    3.944691] pci_bus 0000:1b: resource 0 [io  0x7000-0x7fff]
[    3.944695] pci_bus 0000:1b: resource 1 [mem 0xfd100000-0xfd1fffff]
[    3.944698] pci_bus 0000:1b: resource 2 [mem 0xe7700000-0xe77fffff 64bit pref]
[    3.944702] pci_bus 0000:1c: resource 0 [io  0xb000-0xbfff]
[    3.944706] pci_bus 0000:1c: resource 1 [mem 0xfcd00000-0xfcdfffff]
[    3.944710] pci_bus 0000:1c: resource 2 [mem 0xe7300000-0xe73fffff 64bit pref]
[    3.944714] pci_bus 0000:1d: resource 1 [mem 0xfc900000-0xfc9fffff]
[    3.944717] pci_bus 0000:1d: resource 2 [mem 0xe6f00000-0xe6ffffff 64bit pref]
[    3.944721] pci_bus 0000:1e: resource 1 [mem 0xfc500000-0xfc5fffff]
[    3.944725] pci_bus 0000:1e: resource 2 [mem 0xe6b00000-0xe6bfffff 64bit pref]
[    3.944729] pci_bus 0000:1f: resource 1 [mem 0xfc100000-0xfc1fffff]
[    3.944733] pci_bus 0000:1f: resource 2 [mem 0xe6700000-0xe67fffff 64bit pref]
[    3.944737] pci_bus 0000:20: resource 1 [mem 0xfbd00000-0xfbdfffff]
[    3.944741] pci_bus 0000:20: resource 2 [mem 0xe6300000-0xe63fffff 64bit pref]
[    3.944745] pci_bus 0000:21: resource 1 [mem 0xfb900000-0xfb9fffff]
[    3.944749] pci_bus 0000:21: resource 2 [mem 0xe5f00000-0xe5ffffff 64bit pref]
[    3.944753] pci_bus 0000:22: resource 1 [mem 0xfb500000-0xfb5fffff]
[    3.944756] pci_bus 0000:22: resource 2 [mem 0xe5b00000-0xe5bfffff 64bit pref]
[    3.944806] NET: Registered protocol family 2
[    3.944949] TCP established hash table entries: 8192 (order: 4, 65536 bytes)
[    3.945003] TCP bind hash table entries: 8192 (order: 4, 65536 bytes)
[    3.945042] TCP: Hash tables configured (established 8192 bind 8192)
[    3.945138] TCP: reno registered
[    3.945146] UDP hash table entries: 512 (order: 2, 16384 bytes)
[    3.945165] UDP-Lite hash table entries: 512 (order: 2, 16384 bytes)
[    3.945215] NET: Registered protocol family 1
[    3.945229] pci 0000:00:00.0: Limiting direct PCI/PCI transfers
[    3.945279] pci 0000:00:0f.0: Boot video device
[    3.947798] PCI: CLS 32 bytes, default 64
[    3.947847] Trying to unpack rootfs image as initramfs...
[    4.033490] Freeing initrd memory: 16544K (f5fa0000 - f6fc8000)
[    4.033553] Simple Boot Flag at 0x36 set to 0x1
[    4.033673] Switched to clocksource tsc
[    4.033869] Scanning for low memory corruption every 60 seconds
[    4.034309] Initialise module verification
[    4.034362] audit: initializing netlink socket (disabled)
[    4.034373] type=2000 audit(1386437360.737:1): initialized
[    4.048321] bounce pool size: 64 pages
[    4.048338] HugeTLB registered 2 MB page size, pre-allocated 0 pages
[    4.048753] zbud: loaded
[    4.048942] VFS: Disk quotas dquot_6.5.2
[    4.048995] Dquot-cache hash table entries: 1024 (order 0, 4096 bytes)
[    4.049261] fuse init (API version 7.22)
[    4.049410] msgmni has been set to 1728
[    4.051600] Key type asymmetric registered
[    4.051603] Asymmetric key parser 'x509' registered
[    4.051627] Block layer SCSI generic (bsg) driver version 0.4 loaded (major 252)
[    4.051784] io scheduler noop registered
[    4.051786] io scheduler deadline registered (default)
[    4.051798] io scheduler cfq registered
[    4.051880] pcieport 0000:00:15.0: irq 40 for MSI/MSI-X
[    4.051943] pcieport 0000:00:15.1: irq 41 for MSI/MSI-X
[    4.052006] pcieport 0000:00:15.2: irq 42 for MSI/MSI-X
[    4.052070] pcieport 0000:00:15.3: irq 43 for MSI/MSI-X
[    4.052133] pcieport 0000:00:15.4: irq 44 for MSI/MSI-X
[    4.052196] pcieport 0000:00:15.5: irq 45 for MSI/MSI-X
[    4.052259] pcieport 0000:00:15.6: irq 46 for MSI/MSI-X
[    4.052322] pcieport 0000:00:15.7: irq 47 for MSI/MSI-X
[    4.052385] pcieport 0000:00:16.0: irq 48 for MSI/MSI-X
[    4.052449] pcieport 0000:00:16.1: irq 49 for MSI/MSI-X
[    4.052512] pcieport 0000:00:16.2: irq 50 for MSI/MSI-X
[    4.052575] pcieport 0000:00:16.3: irq 51 for MSI/MSI-X
[    4.052638] pcieport 0000:00:16.4: irq 52 for MSI/MSI-X
[    4.052701] pcieport 0000:00:16.5: irq 53 for MSI/MSI-X
[    4.052764] pcieport 0000:00:16.6: irq 54 for MSI/MSI-X
[    4.052828] pcieport 0000:00:16.7: irq 55 for MSI/MSI-X
[    4.052891] pcieport 0000:00:17.0: irq 56 for MSI/MSI-X
[    4.052954] pcieport 0000:00:17.1: irq 57 for MSI/MSI-X
[    4.053017] pcieport 0000:00:17.2: irq 58 for MSI/MSI-X
[    4.053080] pcieport 0000:00:17.3: irq 59 for MSI/MSI-X
[    4.053143] pcieport 0000:00:17.4: irq 60 for MSI/MSI-X
[    4.053207] pcieport 0000:00:17.5: irq 61 for MSI/MSI-X
[    4.053270] pcieport 0000:00:17.6: irq 62 for MSI/MSI-X
[    4.053333] pcieport 0000:00:17.7: irq 63 for MSI/MSI-X
[    4.053396] pcieport 0000:00:18.0: irq 64 for MSI/MSI-X
[    4.053459] pcieport 0000:00:18.1: irq 65 for MSI/MSI-X
[    4.053522] pcieport 0000:00:18.2: irq 66 for MSI/MSI-X
[    4.053586] pcieport 0000:00:18.3: irq 67 for MSI/MSI-X
[    4.053649] pcieport 0000:00:18.4: irq 68 for MSI/MSI-X
[    4.053712] pcieport 0000:00:18.5: irq 69 for MSI/MSI-X
[    4.053775] pcieport 0000:00:18.6: irq 70 for MSI/MSI-X
[    4.053838] pcieport 0000:00:18.7: irq 71 for MSI/MSI-X
[    4.053901] pcieport 0000:00:15.0: Signaling PME through PCIe PME interrupt
[    4.053905] pci 0000:03:00.0: Signaling PME through PCIe PME interrupt
[    4.053926] pcie_pme 0000:00:15.0:pcie01: service driver pcie_pme loaded
[    4.053990] pcieport 0000:00:15.1: Signaling PME through PCIe PME interrupt
[    4.054012] pcie_pme 0000:00:15.1:pcie01: service driver pcie_pme loaded
[    4.054075] pcieport 0000:00:15.2: Signaling PME through PCIe PME interrupt
[    4.054097] pcie_pme 0000:00:15.2:pcie01: service driver pcie_pme loaded
[    4.054160] pcieport 0000:00:15.3: Signaling PME through PCIe PME interrupt
[    4.054182] pcie_pme 0000:00:15.3:pcie01: service driver pcie_pme loaded
[    4.054246] pcieport 0000:00:15.4: Signaling PME through PCIe PME interrupt
[    4.054268] pcie_pme 0000:00:15.4:pcie01: service driver pcie_pme loaded
[    4.054331] pcieport 0000:00:15.5: Signaling PME through PCIe PME interrupt
[    4.054354] pcie_pme 0000:00:15.5:pcie01: service driver pcie_pme loaded
[    4.054417] pcieport 0000:00:15.6: Signaling PME through PCIe PME interrupt
[    4.054439] pcie_pme 0000:00:15.6:pcie01: service driver pcie_pme loaded
[    4.054502] pcieport 0000:00:15.7: Signaling PME through PCIe PME interrupt
[    4.054524] pcie_pme 0000:00:15.7:pcie01: service driver pcie_pme loaded
[    4.054587] pcieport 0000:00:16.0: Signaling PME through PCIe PME interrupt
[    4.054609] pcie_pme 0000:00:16.0:pcie01: service driver pcie_pme loaded
[    4.054672] pcieport 0000:00:16.1: Signaling PME through PCIe PME interrupt
[    4.054694] pcie_pme 0000:00:16.1:pcie01: service driver pcie_pme loaded
[    4.054758] pcieport 0000:00:16.2: Signaling PME through PCIe PME interrupt
[    4.054779] pcie_pme 0000:00:16.2:pcie01: service driver pcie_pme loaded
[    4.054843] pcieport 0000:00:16.3: Signaling PME through PCIe PME interrupt
[    4.054865] pcie_pme 0000:00:16.3:pcie01: service driver pcie_pme loaded
[    4.054928] pcieport 0000:00:16.4: Signaling PME through PCIe PME interrupt
[    4.054950] pcie_pme 0000:00:16.4:pcie01: service driver pcie_pme loaded
[    4.055013] pcieport 0000:00:16.5: Signaling PME through PCIe PME interrupt
[    4.055036] pcie_pme 0000:00:16.5:pcie01: service driver pcie_pme loaded
[    4.055099] pcieport 0000:00:16.6: Signaling PME through PCIe PME interrupt
[    4.055121] pcie_pme 0000:00:16.6:pcie01: service driver pcie_pme loaded
[    4.055184] pcieport 0000:00:16.7: Signaling PME through PCIe PME interrupt
[    4.055206] pcie_pme 0000:00:16.7:pcie01: service driver pcie_pme loaded
[    4.055269] pcieport 0000:00:17.0: Signaling PME through PCIe PME interrupt
[    4.055291] pcie_pme 0000:00:17.0:pcie01: service driver pcie_pme loaded
[    4.055354] pcieport 0000:00:17.1: Signaling PME through PCIe PME interrupt
[    4.055377] pcie_pme 0000:00:17.1:pcie01: service driver pcie_pme loaded
[    4.055440] pcieport 0000:00:17.2: Signaling PME through PCIe PME interrupt
[    4.055462] pcie_pme 0000:00:17.2:pcie01: service driver pcie_pme loaded
[    4.055525] pcieport 0000:00:17.3: Signaling PME through PCIe PME interrupt
[    4.055547] pcie_pme 0000:00:17.3:pcie01: service driver pcie_pme loaded
[    4.055610] pcieport 0000:00:17.4: Signaling PME through PCIe PME interrupt
[    4.055632] pcie_pme 0000:00:17.4:pcie01: service driver pcie_pme loaded
[    4.055695] pcieport 0000:00:17.5: Signaling PME through PCIe PME interrupt
[    4.055718] pcie_pme 0000:00:17.5:pcie01: service driver pcie_pme loaded
[    4.055865] pcieport 0000:00:17.6: Signaling PME through PCIe PME interrupt
[    4.055890] pcie_pme 0000:00:17.6:pcie01: service driver pcie_pme loaded
[    4.055953] pcieport 0000:00:17.7: Signaling PME through PCIe PME interrupt
[    4.055976] pcie_pme 0000:00:17.7:pcie01: service driver pcie_pme loaded
[    4.056039] pcieport 0000:00:18.0: Signaling PME through PCIe PME interrupt
[    4.056070] pcie_pme 0000:00:18.0:pcie01: service driver pcie_pme loaded
[    4.056133] pcieport 0000:00:18.1: Signaling PME through PCIe PME interrupt
[    4.056156] pcie_pme 0000:00:18.1:pcie01: service driver pcie_pme loaded
[    4.056219] pcieport 0000:00:18.2: Signaling PME through PCIe PME interrupt
[    4.056241] pcie_pme 0000:00:18.2:pcie01: service driver pcie_pme loaded
[    4.056304] pcieport 0000:00:18.3: Signaling PME through PCIe PME interrupt
[    4.056326] pcie_pme 0000:00:18.3:pcie01: service driver pcie_pme loaded
[    4.056389] pcieport 0000:00:18.4: Signaling PME through PCIe PME interrupt
[    4.056411] pcie_pme 0000:00:18.4:pcie01: service driver pcie_pme loaded
[    4.056474] pcieport 0000:00:18.5: Signaling PME through PCIe PME interrupt
[    4.056497] pcie_pme 0000:00:18.5:pcie01: service driver pcie_pme loaded
[    4.056560] pcieport 0000:00:18.6: Signaling PME through PCIe PME interrupt
[    4.056582] pcie_pme 0000:00:18.6:pcie01: service driver pcie_pme loaded
[    4.056645] pcieport 0000:00:18.7: Signaling PME through PCIe PME interrupt
[    4.056667] pcie_pme 0000:00:18.7:pcie01: service driver pcie_pme loaded
[    4.056682] pci_hotplug: PCI Hot Plug PCI Core version: 0.5
[    4.056746] pciehp 0000:00:15.0:pcie04: HPC vendor_id 15ad device_id 7a0 ss_vid 15ad ss_did 7a0
[    4.056840] pciehp 0000:00:15.0:pcie04: service driver pciehp loaded
[    4.056902] pciehp 0000:00:15.1:pcie04: HPC vendor_id 15ad device_id 7a0 ss_vid 15ad ss_did 7a0
[    4.056979] pciehp 0000:00:15.1:pcie04: service driver pciehp loaded
[    4.057041] pciehp 0000:00:15.2:pcie04: HPC vendor_id 15ad device_id 7a0 ss_vid 15ad ss_did 7a0
[    4.057102] pciehp 0000:00:15.2:pcie04: service driver pciehp loaded
[    4.057164] pciehp 0000:00:15.3:pcie04: HPC vendor_id 15ad device_id 7a0 ss_vid 15ad ss_did 7a0
[    4.057224] pciehp 0000:00:15.3:pcie04: service driver pciehp loaded
[    4.057287] pciehp 0000:00:15.4:pcie04: HPC vendor_id 15ad device_id 7a0 ss_vid 15ad ss_did 7a0
[    4.057379] pciehp 0000:00:15.4:pcie04: service driver pciehp loaded
[    4.057442] pciehp 0000:00:15.5:pcie04: HPC vendor_id 15ad device_id 7a0 ss_vid 15ad ss_did 7a0
[    4.057532] pciehp 0000:00:15.5:pcie04: service driver pciehp loaded
[    4.057595] pciehp 0000:00:15.6:pcie04: HPC vendor_id 15ad device_id 7a0 ss_vid 15ad ss_did 7a0
[    4.057687] pciehp 0000:00:15.6:pcie04: service driver pciehp loaded
[    4.057750] pciehp 0000:00:15.7:pcie04: HPC vendor_id 15ad device_id 7a0 ss_vid 15ad ss_did 7a0
[    4.057847] pciehp 0000:00:15.7:pcie04: service driver pciehp loaded
[    4.057910] pciehp 0000:00:16.0:pcie04: HPC vendor_id 15ad device_id 7a0 ss_vid 15ad ss_did 7a0
[    4.058003] pciehp 0000:00:16.0:pcie04: service driver pciehp loaded
[    4.058064] pciehp 0000:00:16.1:pcie04: HPC vendor_id 15ad device_id 7a0 ss_vid 15ad ss_did 7a0
[    4.058162] pciehp 0000:00:16.1:pcie04: service driver pciehp loaded
[    4.058225] pciehp 0000:00:16.2:pcie04: HPC vendor_id 15ad device_id 7a0 ss_vid 15ad ss_did 7a0
[    4.058317] pciehp 0000:00:16.2:pcie04: service driver pciehp loaded
[    4.058380] pciehp 0000:00:16.3:pcie04: HPC vendor_id 15ad device_id 7a0 ss_vid 15ad ss_did 7a0
[    4.058476] pciehp 0000:00:16.3:pcie04: service driver pciehp loaded
[    4.058538] pciehp 0000:00:16.4:pcie04: HPC vendor_id 15ad device_id 7a0 ss_vid 15ad ss_did 7a0
[    4.058629] pciehp 0000:00:16.4:pcie04: service driver pciehp loaded
[    4.058693] pciehp 0000:00:16.5:pcie04: HPC vendor_id 15ad device_id 7a0 ss_vid 15ad ss_did 7a0
[    4.058785] pciehp 0000:00:16.5:pcie04: service driver pciehp loaded
[    4.058848] pciehp 0000:00:16.6:pcie04: HPC vendor_id 15ad device_id 7a0 ss_vid 15ad ss_did 7a0
[    4.058940] pciehp 0000:00:16.6:pcie04: service driver pciehp loaded
[    4.059003] pciehp 0000:00:16.7:pcie04: HPC vendor_id 15ad device_id 7a0 ss_vid 15ad ss_did 7a0
[    4.059097] pciehp 0000:00:16.7:pcie04: service driver pciehp loaded
[    4.059159] pciehp 0000:00:17.0:pcie04: HPC vendor_id 15ad device_id 7a0 ss_vid 15ad ss_did 7a0
[    4.059247] pciehp 0000:00:17.0:pcie04: service driver pciehp loaded
[    4.059310] pciehp 0000:00:17.1:pcie04: HPC vendor_id 15ad device_id 7a0 ss_vid 15ad ss_did 7a0
[    4.059402] pciehp 0000:00:17.1:pcie04: service driver pciehp loaded
[    4.059465] pciehp 0000:00:17.2:pcie04: HPC vendor_id 15ad device_id 7a0 ss_vid 15ad ss_did 7a0
[    4.059559] pciehp 0000:00:17.2:pcie04: service driver pciehp loaded
[    4.059622] pciehp 0000:00:17.3:pcie04: HPC vendor_id 15ad device_id 7a0 ss_vid 15ad ss_did 7a0
[    4.059715] pciehp 0000:00:17.3:pcie04: service driver pciehp loaded
[    4.059778] pciehp 0000:00:17.4:pcie04: HPC vendor_id 15ad device_id 7a0 ss_vid 15ad ss_did 7a0
[    4.059894] pciehp 0000:00:17.4:pcie04: service driver pciehp loaded
[    4.059956] pciehp 0000:00:17.5:pcie04: HPC vendor_id 15ad device_id 7a0 ss_vid 15ad ss_did 7a0
[    4.060044] pciehp 0000:00:17.5:pcie04: service driver pciehp loaded
[    4.060107] pciehp 0000:00:17.6:pcie04: HPC vendor_id 15ad device_id 7a0 ss_vid 15ad ss_did 7a0
[    4.060199] pciehp 0000:00:17.6:pcie04: service driver pciehp loaded
[    4.060262] pciehp 0000:00:17.7:pcie04: HPC vendor_id 15ad device_id 7a0 ss_vid 15ad ss_did 7a0
[    4.060354] pciehp 0000:00:17.7:pcie04: service driver pciehp loaded
[    4.060418] pciehp 0000:00:18.0:pcie04: HPC vendor_id 15ad device_id 7a0 ss_vid 15ad ss_did 7a0
[    4.060510] pciehp 0000:00:18.0:pcie04: service driver pciehp loaded
[    4.060573] pciehp 0000:00:18.1:pcie04: HPC vendor_id 15ad device_id 7a0 ss_vid 15ad ss_did 7a0
[    4.060665] pciehp 0000:00:18.1:pcie04: service driver pciehp loaded
[    4.060728] pciehp 0000:00:18.2:pcie04: HPC vendor_id 15ad device_id 7a0 ss_vid 15ad ss_did 7a0
[    4.060820] pciehp 0000:00:18.2:pcie04: service driver pciehp loaded
[    4.060884] pciehp 0000:00:18.3:pcie04: HPC vendor_id 15ad device_id 7a0 ss_vid 15ad ss_did 7a0
[    4.061003] pciehp 0000:00:18.3:pcie04: service driver pciehp loaded
[    4.061065] pciehp 0000:00:18.4:pcie04: HPC vendor_id 15ad device_id 7a0 ss_vid 15ad ss_did 7a0
[    4.061151] pciehp 0000:00:18.4:pcie04: service driver pciehp loaded
[    4.061214] pciehp 0000:00:18.5:pcie04: HPC vendor_id 15ad device_id 7a0 ss_vid 15ad ss_did 7a0
[    4.061307] pciehp 0000:00:18.5:pcie04: service driver pciehp loaded
[    4.061370] pciehp 0000:00:18.6:pcie04: HPC vendor_id 15ad device_id 7a0 ss_vid 15ad ss_did 7a0
[    4.061462] pciehp 0000:00:18.6:pcie04: service driver pciehp loaded
[    4.061525] pciehp 0000:00:18.7:pcie04: HPC vendor_id 15ad device_id 7a0 ss_vid 15ad ss_did 7a0
[    4.061618] pciehp 0000:00:18.7:pcie04: service driver pciehp loaded
[    4.061632] pciehp: PCI Express Hot Plug Controller Driver version: 0.4
[    4.061695] intel_idle: does not run on family 6 model 58
[    4.061770] ACPI: AC Adapter [ACAD] (on-line)
[    4.061895] input: Power Button as /devices/LNXSYSTM:00/LNXPWRBN:00/input/input0
[    4.061900] ACPI: Power Button [PWRF]
[    4.062329] GHES: HEST is not enabled!
[    4.062455] Serial: 8250/16550 driver, 32 ports, IRQ sharing enabled
[    4.062484] isapnp: Scanning for PnP cards...
[    4.087742] 00:09: ttyS0 at I/O 0x3f8 (irq = 4) is a 16550A
[    4.112998] 00:0a: ttyS1 at I/O 0x2f8 (irq = 3) is a 16550A
[    4.115837] Linux agpgart interface v0.103
[    4.115838] agpgart-intel 0000:00:00.0: Intel 440BX Chipset
[    4.117106] agpgart-intel 0000:00:00.0: AGP aperture is 256M @ 0x0
[    4.119037] brd: module loaded
[    4.119840] loop: module loaded
[    4.119966] ata_piix 0000:00:07.1: version 2.13
[    4.120499] scsi0 : ata_piix
[    4.120710] scsi1 : ata_piix
[    4.120747] ata1: PATA max UDMA/33 cmd 0x1f0 ctl 0x3f6 bmdma 0x1060 irq 14
[    4.120749] ata2: PATA max UDMA/33 cmd 0x170 ctl 0x376 bmdma 0x1068 irq 15
[    4.120961] libphy: Fixed MDIO Bus: probed
[    4.121034] tun: Universal TUN/TAP device driver, 1.6
[    4.121043] tun: (C) 1999-2004 Max Krasnyansky <maxk@qualcomm.com>
[    4.121080] PPP generic driver version 2.4.2
[    4.121114] ehci_hcd: USB 2.0 'Enhanced' Host Controller (EHCI) Driver
[    4.121116] ehci-pci: EHCI PCI platform driver
[    4.121455] ehci-pci 0000:02:03.0: EHCI Host Controller
[    4.121470] ehci-pci 0000:02:03.0: new USB bus registered, assigned bus number 1
[    4.121631] ehci-pci 0000:02:03.0: cache line size of 32 is not supported
[    4.121657] ehci-pci 0000:02:03.0: irq 17, io mem 0xfd5ff000
[    4.131903] ehci-pci 0000:02:03.0: USB 2.0 started, EHCI 1.00
[    4.131940] usb usb1: New USB device found, idVendor=1d6b, idProduct=0002
[    4.131943] usb usb1: New USB device strings: Mfr=3, Product=2, SerialNumber=1
[    4.131946] usb usb1: Product: EHCI Host Controller
[    4.131948] usb usb1: Manufacturer: Linux 3.11.0-14-generic ehci_hcd
[    4.131950] usb usb1: SerialNumber: 0000:02:03.0
[    4.132205] hub 1-0:1.0: USB hub found
[    4.132211] hub 1-0:1.0: 6 ports detected
[    4.132385] ehci-platform: EHCI generic platform driver
[    4.132392] ohci_hcd: USB 1.1 'Open' Host Controller (OHCI) Driver
[    4.132394] ohci-platform: OHCI generic platform driver
[    4.132400] uhci_hcd: USB Universal Host Controller Interface driver
[    4.132695] uhci_hcd 0000:02:00.0: UHCI Host Controller
[    4.132708] uhci_hcd 0000:02:00.0: new USB bus registered, assigned bus number 2
[    4.132935] uhci_hcd 0000:02:00.0: irq 18, io base 0x000020c0
[    4.133045] usb usb2: New USB device found, idVendor=1d6b, idProduct=0001
[    4.133055] usb usb2: New USB device strings: Mfr=3, Product=2, SerialNumber=1
[    4.133057] usb usb2: Product: UHCI Host Controller
[    4.133059] usb usb2: Manufacturer: Linux 3.11.0-14-generic uhci_hcd
[    4.133061] usb usb2: SerialNumber: 0000:02:00.0
[    4.133273] hub 2-0:1.0: USB hub found
[    4.133278] hub 2-0:1.0: 2 ports detected
[    4.133752] xhci_hcd 0000:03:00.0: xHCI Host Controller
[    4.133766] xhci_hcd 0000:03:00.0: new USB bus registered, assigned bus number 3
[    4.134421] xhci_hcd 0000:03:00.0: cache line size of 32 is not supported
[    4.134534] xhci_hcd 0000:03:00.0: irq 72 for MSI/MSI-X
[    4.134589] xhci_hcd 0000:03:00.0: irq 73 for MSI/MSI-X
[    4.134649] xhci_hcd 0000:03:00.0: irq 74 for MSI/MSI-X
[    4.134678] xhci_hcd 0000:03:00.0: irq 75 for MSI/MSI-X
[    4.134707] xhci_hcd 0000:03:00.0: irq 76 for MSI/MSI-X
[    4.135319] usb usb3: New USB device found, idVendor=1d6b, idProduct=0002
[    4.135330] usb usb3: New USB device strings: Mfr=3, Product=2, SerialNumber=1
[    4.135332] usb usb3: Product: xHCI Host Controller
[    4.135334] usb usb3: Manufacturer: Linux 3.11.0-14-generic xhci_hcd
[    4.135336] usb usb3: SerialNumber: 0000:03:00.0
[    4.135538] xHCI xhci_add_endpoint called for root hub
[    4.135541] xHCI xhci_check_bandwidth called for root hub
[    4.135561] hub 3-0:1.0: USB hub found
[    4.135586] hub 3-0:1.0: 2 ports detected
[    4.135729] xhci_hcd 0000:03:00.0: xHCI Host Controller
[    4.135733] xhci_hcd 0000:03:00.0: new USB bus registered, assigned bus number 4
[    4.135849] usb usb4: New USB device found, idVendor=1d6b, idProduct=0003
[    4.135874] usb usb4: New USB device strings: Mfr=3, Product=2, SerialNumber=1
[    4.135876] usb usb4: Product: xHCI Host Controller
[    4.135878] usb usb4: Manufacturer: Linux 3.11.0-14-generic xhci_hcd
[    4.135880] usb usb4: SerialNumber: 0000:03:00.0
[    4.136081] xHCI xhci_add_endpoint called for root hub
[    4.136084] xHCI xhci_check_bandwidth called for root hub
[    4.136110] hub 4-0:1.0: USB hub found
[    4.136134] hub 4-0:1.0: 2 ports detected
[    4.287718] ata2.00: ATAPI: VMware Virtual IDE CDROM Drive, 00000001, max UDMA/33
[    4.288082] ata2.00: configured for UDMA/33
[    4.384170] i8042: PNP: PS/2 Controller [PNP0303:KBC,PNP0f13:MOUS] at 0x60,0x64 irq 1,12
[    4.385047] serio: i8042 KBD port at 0x60,0x64 irq 1
[    4.385063] serio: i8042 AUX port at 0x60,0x64 irq 12
[    4.385393] mousedev: PS/2 mouse device common for all mice
[    4.389043] input: AT Translated Set 2 keyboard as /devices/platform/i8042/serio0/input/input1
[    4.406047] rtc_cmos 00:03: rtc core: registered rtc_cmos as rtc0
[    4.406139] rtc_cmos 00:03: alarms up to one month, y3k, 114 bytes nvram, hpet irqs
[    4.406196] device-mapper: uevent: version 1.0.3
[    4.406398] device-mapper: ioctl: 4.25.0-ioctl (2013-06-26) initialised: dm-devel@redhat.com
[    4.406421] platform eisa.0: Probing EISA bus 0
[    4.406439] platform eisa.0: EISA: Detected 0 cards
[    4.406448] cpufreq-nforce2: No nForce2 chipset.
[    4.406451] cpuidle: using governor ladder
[    4.406452] cpuidle: using governor menu
[    4.406464] ledtrig-cpu: registered to indicate activity on CPUs
[    4.406543] TCP: cubic registered
[    4.406618] NET: Registered protocol family 10
[    4.406780] NET: Registered protocol family 17
[    4.406798] Key type dns_resolver registered
[    4.407106] Using IPI No-Shortcut mode
[    4.407606] PM: Hibernation image not present or could not be loaded.
[    4.407613] Loading module verification certificates
[    4.409994] MODSIGN: Loaded cert 'Magrathea: Glacier signing key: 94b4c972d56471bcbe88837e8baa241d98a4e0f0'
[    4.410015] registered taskstats version 1
[    4.414365] Key type trusted registered
[    4.417474] isapnp: No Plug & Play device found
[    4.417972] scsi 1:0:0:0: CD-ROM            NECVMWar VMware IDE CDR10 1.00 PQ: 0 ANSI: 5
[    4.418080] Key type encrypted registered
[    4.418813] sr0: scsi3-mmc drive: 1x/1x writer dvd-ram cd/rw xa/form2 cdda tray
[    4.418817] cdrom: Uniform CD-ROM driver Revision: 3.20
[    4.419034] sr 1:0:0:0: Attached scsi CD-ROM sr0
[    4.419246] sr 1:0:0:0: Attached scsi generic sg0 type 5
[    4.420964] AppArmor: AppArmor sha1 policy hashing enabled
[    4.428486]   Magic number: 9:292:491
[    4.428647] rtc_cmos 00:03: setting system clock to 2013-12-07 17:29:22 UTC (1386437362)
[    4.428894] BIOS EDD facility v0.16 2004-Jun-25, 0 devices found
[    4.428896] EDD information not available.
[    4.429271] Freeing unused kernel memory: 880K (c1962000 - c1a3e000)
[    4.429377] Write protecting the kernel text: 6356k
[    4.429457] Write protecting the kernel read-only data: 2644k
[    4.429459] NX-protecting the kernel data: 5932k
[    4.443606] systemd-udevd[111]: starting version 204
[    4.444127] usb 3-1: new full-speed USB device number 2 using xhci_hcd
[    4.455334] floppy: module verification failed: signature and/or required key missing - tainting kernel
[    4.455964] Floppy drive(s): fd0 is 1.44M
[    4.460467] usb 3-1: New USB device found, idVendor=0e0f, idProduct=0002
[    4.460471] usb 3-1: New USB device strings: Mfr=0, Product=1, SerialNumber=0
[    4.460473] usb 3-1: Product: VMware Virtual USB Hub
[    4.460549] usb 3-1: ep 0x81 - rounding interval to 1024 microframes, ep desc says 2040 microframes
[    4.460744] hub 3-1:1.0: USB hub found
[    4.460776] hub 3-1:1.0: 7 ports detected
[    4.460937] Fusion MPT base driver 3.04.20
[    4.460943] Copyright (c) 1999-2008 LSI Corporation
[    4.461797] Fusion MPT SPI Host driver 3.04.20
[    4.462553] mptbase: ioc0: Initiating bringup
[    4.462608] pcnet32: pcnet32.c:v1.35 21.Apr.2008 tsbogend@alpha.franken.de
[    4.462728] pcnet32: PCnet/PCI II 79C970A at 0x2000, 00:0c:29:47:67:b5 assigned IRQ 19
[    4.462867] pcnet32: eth0: registered as PCnet/PCI II 79C970A
[    4.462939] pcnet32: 1 cards_found
[    4.473130] FDC 0 is a post-1991 82077
[    4.532157] ioc0: LSI53C1030 B0: Capabilities={Initiator}
[    4.572314] usb 3-2: new high-speed USB device number 3 using xhci_hcd
[    4.588598] usb 3-2: New USB device found, idVendor=0e0f, idProduct=0002
[    4.588606] usb 3-2: New USB device strings: Mfr=0, Product=1, SerialNumber=0
[    4.588612] usb 3-2: Product: VMware Virtual USB Hub
[    4.589349] hub 3-2:1.0: USB hub found
[    4.589389] hub 3-2:1.0: 7 ports detected
[    4.693678] scsi2 : ioc0: LSI53C1030 B0, FwRev=01032920h, Ports=1, MaxQ=128, IRQ=17
[    4.732375] usb 3-1.1: new full-speed USB device number 4 using xhci_hcd
[    4.748816] usb 3-1.1: New USB device found, idVendor=0e0f, idProduct=0003
[    4.748824] usb 3-1.1: New USB device strings: Mfr=1, Product=2, SerialNumber=0
[    4.748830] usb 3-1.1: Product: VMware Virtual USB Mouse
[    4.748835] usb 3-1.1: Manufacturer: VMware
[    4.761074] hidraw: raw HID events driver (C) Jiri Kosina
[    4.769365] usbcore: registered new interface driver usbhid
[    4.769372] usbhid: USB HID core driver
[    4.776997] input: VMware VMware Virtual USB Mouse as /devices/pci0000:00/0000:00:15.0/0000:03:00.0/usb3/3-1/3-1.1/3-1.1:1.0/input/input2
[    4.777936] hid-generic 0003:0E0F:0003.0001: input,hidraw0: USB HID v1.10 Mouse [VMware VMware Virtual USB Mouse] on usb-0000:03:00.0-1.1/input0
[    4.805050] scsi 2:0:0:0: Direct-Access     VMware,  VMware Virtual S 1.0  PQ: 0 ANSI: 2
[    4.805074] scsi target2:0:0: Beginning Domain Validation
[    4.806700] scsi target2:0:0: Domain Validation skipping write tests
[    4.806706] scsi target2:0:0: Ending Domain Validation
[    4.806793] scsi target2:0:0: FAST-40 WIDE SCSI 80.0 MB/s ST (25 ns, offset 127)
[    4.810240] sd 2:0:0:0: Attached scsi generic sg1 type 0
[    4.810431] sd 2:0:0:0: [sda] 167772160 512-byte logical blocks: (85.8 GB/80.0 GiB)
[    4.810544] sd 2:0:0:0: [sda] Write Protect is off
[    4.810550] sd 2:0:0:0: [sda] Mode Sense: 61 00 00 00
[    4.810660] sd 2:0:0:0: [sda] Cache data unavailable
[    4.810665] sd 2:0:0:0: [sda] Assuming drive cache: write through
[    4.811581] sd 2:0:0:0: [sda] Cache data unavailable
[    4.811589] sd 2:0:0:0: [sda] Assuming drive cache: write through
[    4.820501] usb 3-1.2: new full-speed USB device number 5 using xhci_hcd
[    4.837008] usb 3-1.2: New USB device found, idVendor=0e0f, idProduct=0008
[    4.837015] usb 3-1.2: New USB device strings: Mfr=1, Product=2, SerialNumber=3
[    4.837020] usb 3-1.2: Product: Virtual Bluetooth Adapter
[    4.837024] usb 3-1.2: Manufacturer: VMware
[    4.837027] usb 3-1.2: SerialNumber: 000650268328
[    4.844877]  sda: sda1 sda2 < sda5 >
[    4.846286] sd 2:0:0:0: [sda] Cache data unavailable
[    4.846311] sd 2:0:0:0: [sda] Assuming drive cache: write through
[    4.846406] sd 2:0:0:0: [sda] Attached SCSI disk
[    4.907421] EXT4-fs (sda1): INFO: recovery required on readonly filesystem
[    4.907431] EXT4-fs (sda1): write access will be enabled during recovery
[    5.188681] EXT4-fs (sda1): recovery complete
[    5.189358] EXT4-fs (sda1): mounted filesystem with ordered data mode. Opts: (null)
[    6.460385] Adding 2094076k swap on /dev/sda5.  Priority:-1 extents:1 across:2094076k FS
[    6.888342] EXT4-fs (sda1): re-mounted. Opts: errors=remount-ro
[    7.059428] IPv6: ADDRCONF(NETDEV_UP): eth0: link is not ready
[    7.307917] systemd-udevd[311]: starting version 204
[    7.894787] lp: driver loaded but no devices found
[    8.451907] parport_pc 00:08: reported by Plug and Play ACPI
[    8.452156] parport0: PC-style at 0x378, irq 7 [PCSPP,TRISTATE]
[    8.530906] lp0: using parport0 (interrupt-driven).
[    8.575858] vmw_vmci 0000:00:07.7: Found VMCI PCI device at 0x11080, irq 16
[    8.575928] vmw_vmci 0000:00:07.7: Using capabilities 0xc
[    8.576109] vmw_vmci 0000:00:07.7: irq 77 for MSI/MSI-X
[    8.576159] vmw_vmci 0000:00:07.7: irq 78 for MSI/MSI-X
[    8.576420] Guest personality initialized and is active
[    8.576571] VMCI host device registered (name=vmci, major=10, minor=57)
[    8.576573] Initialized host personality
[    8.679588] [drm] Initialized drm 1.1.0 20060810
[    8.691864] Bluetooth: Core ver 2.16
[    8.691918] NET: Registered protocol family 31
[    8.691920] Bluetooth: HCI device and connection manager initialized
[    8.691927] Bluetooth: HCI socket layer initialized
[    8.691929] Bluetooth: L2CAP socket layer initialized
[    8.691949] Bluetooth: SCO socket layer initialized
[    8.700856] microcode: CPU0 sig=0x306a9, pf=0x1, revision=0x15
[    8.736664] usbcore: registered new interface driver btusb
[    8.741252] piix4_smbus 0000:00:07.3: Host SMBus controller not enabled!
[    8.815368] shpchp: Standard Hot Plug PCI Controller Driver version: 0.4
[    8.848061] [drm] Capabilities:
[    8.848073] [drm]   Rect copy.
[    8.848075] [drm]   Cursor.
[    8.848076] [drm]   Cursor bypass.
[    8.848078] [drm]   Cursor bypass 2.
[    8.848079] [drm]   8bit emulation.
[    8.848080] [drm]   Alpha cursor.
[    8.848082] [drm]   3D.
[    8.848083] [drm]   Extended Fifo.
[    8.848084] [drm]   Multimon.
[    8.848086] [drm]   Pitchlock.
[    8.848087] [drm]   Irq mask.
[    8.848088] [drm]   Display Topology.
[    8.848090] [drm]   GMR.
[    8.848091] [drm]   Traces.
[    8.848092] [drm]   GMR2.
[    8.848094] [drm]   Screen Object 2.
[    8.848095] [drm] Max GMR ids is 64
[    8.848097] [drm] Max GMR descriptors is 4096
[    8.848098] [drm] Max number of GMR pages is 196608
[    8.848099] [drm] Max dedicated hypervisor surface memory is 786432 kiB
[    8.848101] [drm] VRAM at 0xe8000000 size is 131072 kiB
[    8.848103] [drm] MMIO at 0xfe000000 size is 2048 kiB
[    8.848105] [drm] global init.
[    8.848198] [TTM] Zone  kernel: Available graphics memory: 442848 kiB
[    8.848201] [TTM] Zone highmem: Available graphics memory: 772516 kiB
[    8.848203] [TTM] Initializing pool allocator
[    8.848207] [TTM] Initializing DMA pool allocator
[    8.848411] [drm] Supports vblank timestamp caching Rev 1 (10.10.2010).
[    8.848414] [drm] No driver support for vblank timestamp query.
[    8.848519] [drm] Screen objects system initialized
[    8.848580] [drm] width 640
[    8.848591] [drm] height 480
[    8.848602] [drm] bpp 32
[    8.851256] [drm] Fifo max 0x00200000 min 0x00001000 cap 0x0000077f
[    8.852900] fbcon: svgadrmfb (fb0) is primary device
[    8.854094] Console: switching to colour frame buffer device 100x37
[    8.854854] [drm] Initialized vmwgfx 2.4.0 20120209 for 0000:00:0f.0 on minor 0
[    8.927269] type=1400 audit(1386437366.995:2): apparmor="STATUS" operation="profile_load" parent=435 profile="unconfined" name="/sbin/dhclient" pid=445 comm="apparmor_parser"
[    8.927278] type=1400 audit(1386437366.995:3): apparmor="STATUS" operation="profile_load" parent=435 profile="unconfined" name="/usr/lib/NetworkManager/nm-dhcp-client.action" pid=445 comm="apparmor_parser"
[    8.927283] type=1400 audit(1386437366.995:4): apparmor="STATUS" operation="profile_load" parent=435 profile="unconfined" name="/usr/lib/connman/scripts/dhclient-script" pid=445 comm="apparmor_parser"
[    8.927434] type=1400 audit(1386437366.995:5): apparmor="STATUS" operation="profile_replace" parent=435 profile="unconfined" name="/usr/lib/NetworkManager/nm-dhcp-client.action" pid=445 comm="apparmor_parser"
[    8.927441] type=1400 audit(1386437366.995:6): apparmor="STATUS" operation="profile_replace" parent=435 profile="unconfined" name="/usr/lib/connman/scripts/dhclient-script" pid=445 comm="apparmor_parser"
[    8.927592] type=1400 audit(1386437366.995:7): apparmor="STATUS" operation="profile_replace" parent=435 profile="unconfined" name="/usr/lib/connman/scripts/dhclient-script" pid=445 comm="apparmor_parser"
[    9.176211] input: ImPS/2 Generic Wheel Mouse as /devices/platform/i8042/serio1/input/input3
[    9.177337] microcode: CPU1 sig=0x306a9, pf=0x1, revision=0x15
[    9.187884] ppdev: user-space parallel port driver
[    9.188852] microcode: CPU2 sig=0x306a9, pf=0x1, revision=0x15
[    9.190728] microcode: CPU3 sig=0x306a9, pf=0x1, revision=0x15
[    9.191606] microcode: Microcode Update Driver: v2.00 <tigran@aivazian.fsnet.co.uk>, Peter Oruba
[    9.994690] Bluetooth: RFCOMM TTY layer initialized
[    9.994711] Bluetooth: RFCOMM socket layer initialized
[    9.994712] Bluetooth: RFCOMM ver 1.11
[   10.016225] Bluetooth: BNEP (Ethernet Emulation) ver 1.3
[   10.016263] Bluetooth: BNEP filters: protocol multicast
[   10.016278] Bluetooth: BNEP socket layer initialized
[   10.098011] init: avahi-cups-reload main process (597) terminated with status 1
[   10.222820] init: failsafe main process (508) killed by TERM signal
[   10.460540] type=1400 audit(1386437368.527:8): apparmor="STATUS" operation="profile_load" parent=656 profile="unconfined" name="/usr/lib/cups/backend/cups-pdf" pid=673 comm="apparmor_parser"
[   10.460581] type=1400 audit(1386437368.527:9): apparmor="STATUS" operation="profile_load" parent=656 profile="unconfined" name="/usr/sbin/cupsd" pid=673 comm="apparmor_parser"
[   10.460718] type=1400 audit(1386437368.527:10): apparmor="STATUS" operation="profile_replace" parent=656 profile="unconfined" name="/usr/sbin/cupsd" pid=673 comm="apparmor_parser"
[   10.702553] type=1400 audit(1386437368.767:11): apparmor="STATUS" operation="profile_replace" parent=718 profile="unconfined" name="/sbin/dhclient" pid=726 comm="apparmor_parser"
[   10.702575] type=1400 audit(1386437368.767:12): apparmor="STATUS" operation="profile_replace" parent=718 profile="unconfined" name="/usr/lib/NetworkManager/nm-dhcp-client.action" pid=726 comm="apparmor_parser"
[   10.702586] type=1400 audit(1386437368.767:13): apparmor="STATUS" operation="profile_replace" parent=718 profile="unconfined" name="/usr/lib/connman/scripts/dhclient-script" pid=726 comm="apparmor_parser"
[   10.703445] type=1400 audit(1386437368.767:14): apparmor="STATUS" operation="profile_replace" parent=718 profile="unconfined" name="/usr/lib/NetworkManager/nm-dhcp-client.action" pid=726 comm="apparmor_parser"
[   10.703458] type=1400 audit(1386437368.767:15): apparmor="STATUS" operation="profile_replace" parent=718 profile="unconfined" name="/usr/lib/connman/scripts/dhclient-script" pid=726 comm="apparmor_parser"
[   10.703494] type=1400 audit(1386437368.767:16): apparmor="STATUS" operation="profile_replace" parent=718 profile="unconfined" name="/usr/lib/connman/scripts/dhclient-script" pid=726 comm="apparmor_parser"
[   10.915170] type=1400 audit(1386437368.979:17): apparmor="STATUS" operation="profile_load" parent=718 profile="unconfined" name="/usr/lib/i386-linux-gnu/lightdm-remote-session-uccsconfigure/uccsconfigure-session-wrapper" pid=725 comm="apparmor_parser"
[   20.668061] pcnet32 0000:02:01.0 eth0: link up
[   23.729699] sda1: WRITE SAME failed. Manually zeroing.
[   31.517912] init: plymouth main process (177) killed by ABRT signal
[   33.242012] init: plymouth-stop pre-start process (1439) terminated with status 1
[  239.828410] [UpperDev]StartUP!
[  286.905045] UpperDev use Lower[UpperDev]IN UpperDev_write!
[  382.609971] [UpperDev]Write Done
